[16:14:35] [main/INFO] (FabricLoader/GameProvider) Loading Minecraft 1.20.1 with Fabric Loader 0.19.0
[16:14:35] [main/INFO] (FabricLoader) Loading 73 mods:
	- bluemap 5.3
	- cloth-basic-math 0.6.1
	- cloth-config 11.1.136
	- com_twelvemonkeys_common_common-image 3.12.0
	- com_twelvemonkeys_common_common-io 3.12.0
	- com_twelvemonkeys_common_common-lang 3.12.0
	- com_twelvemonkeys_imageio_imageio-core 3.12.0
	- com_twelvemonkeys_imageio_imageio-metadata 3.12.0
	- com_twelvemonkeys_imageio_imageio-webp 3.12.0
	- fabric-api 0.92.7+1.20.1
	- fabric-api-base 0.4.32+1802ada577
	- fabric-api-lookup-api-v1 1.6.37+1802ada577
	- fabric-biome-api-v1 13.0.15+93aa238b77
	- fabric-block-api-v1 1.0.12+1802ada577
	- fabric-block-view-api-v2 1.0.3+924f046a77
	- fabric-blockrenderlayer-v1 1.1.42+1802ada577
	- fabric-client-tags-api-v1 1.1.3+1802ada577
	- fabric-command-api-v1 1.2.35+f71b366f77
	- fabric-command-api-v2 2.2.14+1802ada577
	- fabric-commands-v0 0.2.52+df3654b377
	- fabric-containers-v0 0.1.67+df3654b377
	- fabric-content-registries-v0 4.0.13+1802ada577
	- fabric-convention-tags-v1 1.5.6+1802ada577
	- fabric-crash-report-info-v1 0.2.20+1802ada577
	- fabric-data-attachment-api-v1 1.0.2+de0fd6d177
	- fabric-data-generation-api-v1 12.3.7+1802ada577
	- fabric-dimensions-v1 2.1.55+1802ada577
	- fabric-entity-events-v1 1.6.1+1c78457f77
	- fabric-events-interaction-v0 0.6.5+13a40c6677
	- fabric-events-lifecycle-v0 0.2.64+df3654b377
	- fabric-game-rule-api-v1 1.0.41+1802ada577
	- fabric-gametest-api-v1 1.2.15+1802ada577
	- fabric-item-api-v1 2.1.29+1802ada577
	- fabric-item-group-api-v1 4.0.14+1802ada577
	- fabric-key-binding-api-v1 1.0.38+1802ada577
	- fabric-keybindings-v0 0.2.36+df3654b377
	- fabric-lifecycle-events-v1 2.2.23+1802ada577
	- fabric-loot-api-v2 1.2.3+1802ada577
	- fabric-loot-tables-v1 1.1.47+9e7660c677
	- fabric-message-api-v1 5.1.10+1802ada577
	- fabric-mining-level-api-v1 2.1.52+1802ada577
	- fabric-model-loading-api-v1 1.0.4+1802ada577
	- fabric-models-v0 0.4.3+9386d8a777
	- fabric-networking-api-v1 1.3.14+a158aa0477
	- fabric-networking-v0 0.3.54+df3654b377
	- fabric-object-builder-api-v1 11.1.5+e35120df77
	- fabric-particles-v1 1.1.3+1802ada577
	- fabric-recipe-api-v1 1.0.24+1802ada577
	- fabric-registry-sync-v0 2.3.6+1802ada577
	- fabric-renderer-api-v1 3.2.2+1802ada577
	- fabric-renderer-indigo 1.5.3+85287f9f77
	- fabric-renderer-registries-v1 3.2.47+df3654b377
	- fabric-rendering-data-attachment-v1 0.3.39+92a0d36777
	- fabric-rendering-fluids-v1 3.0.29+1802ada577
	- fabric-rendering-v0 1.1.50+df3654b377
	- fabric-rendering-v1 3.0.9+1802ada577
	- fabric-resource-conditions-api-v1 2.3.9+1802ada577
	- fabric-resource-loader-v0 0.11.12+fb82e9d777
	- fabric-screen-api-v1 2.0.9+1802ada577
	- fabric-screen-handler-api-v1 1.3.33+1802ada577
	- fabric-sound-api-v1 1.0.14+1802ada577
	- fabric-transfer-api-v1 3.3.6+8dd72ea377
	- fabric-transitive-access-wideners-v1 4.3.2+1802ada577
	- fabricloader 0.19.0
	- java 21
	- jme 1.0.4
	- minecraft 1.20.1
	- mixinextras 0.5.3
	- modmenu 7.2.2
	- mtr 4.0.3
	- org_quiltmc_parsers_gson 0.2.1
	- org_quiltmc_parsers_json 0.2.1
	- yet_another_config_lib_v3 3.6.6+1.20.1-fabric
[16:14:45] [main/INFO] (FabricLoader/Mixin) SpongePowered MIXIN Subsystem Version=0.8.7 Source=file:/home/justnoone/.gradle/caches/modules-2/files-2.1/net.fabricmc/sponge-mixin/0.17.1+mixin.0.8.7/1cca8837fa31d8cfbde11a391f108f2bda30bca4/sponge-mixin-0.17.1+mixin.0.8.7.jar Service=Knot/Fabric Env=CLIENT
[16:14:45] [main/INFO] (FabricLoader/Mixin) Loaded Fabric development mappings for mixin remapper!
[16:14:45] [main/INFO] (FabricLoader/Mixin) Compatibility level set to JAVA_16
[16:14:45] [main/INFO] (FabricLoader/Mixin) Compatibility level set to JAVA_17
[16:14:47] [main/INFO] (FabricLoader/MixinExtras|Service) Initializing MixinExtras via com.llamalad7.mixinextras.service.MixinExtrasServiceImpl(version=0.5.3).
[16:14:55] [Datafixer Bootstrap/INFO] (Minecraft) 188 Datafixer optimizations took 323 milliseconds
[16:14:57] [Render thread/INFO] (Minecraft) Environment: authHost='https://authserver.mojang.com', accountsHost='https://api.mojang.com', sessionHost='https://sessionserver.mojang.com', servicesHost='https://api.minecraftservices.com', name='PROD'
[16:14:58] [Render thread/ERROR] (Minecraft) Failed to verify authentication
com.mojang.authlib.exceptions.InvalidCredentialsException: Status: 401
	at com.mojang.authlib.exceptions.MinecraftClientHttpException.toAuthenticationException(MinecraftClientHttpException.java:56) ~[authlib-4.0.43.jar:?]
	at com.mojang.authlib.yggdrasil.YggdrasilUserApiService.fetchProperties(YggdrasilUserApiService.java:156) ~[authlib-4.0.43.jar:?]
	at com.mojang.authlib.yggdrasil.YggdrasilUserApiService.<init>(YggdrasilUserApiService.java:55) ~[authlib-4.0.43.jar:?]
	at com.mojang.authlib.yggdrasil.YggdrasilAuthenticationService.createUserApiService(YggdrasilAuthenticationService.java:124) ~[authlib-4.0.43.jar:?]
	at net.minecraft.client.MinecraftClient.createUserApiService(MinecraftClient.java:733) ~[minecraft-merged-aef3d747c9-1.20.1-net.fabricmc.yarn.1_20_1.1.20.1+build.10-v2.jar:?]
	at net.minecraft.client.MinecraftClient.<init>(MinecraftClient.java:442) ~[minecraft-merged-aef3d747c9-1.20.1-net.fabricmc.yarn.1_20_1.1.20.1+build.10-v2.jar:?]
	at net.minecraft.client.main.Main.main(Main.java:211) ~[minecraft-merged-aef3d747c9-1.20.1-net.fabricmc.yarn.1_20_1.1.20.1+build.10-v2.jar:?]
	at net.fabricmc.loader.impl.game.minecraft.MinecraftGameProvider.launch(MinecraftGameProvider.java:514) ~[fabric-loader-0.19.0.jar:?]
	at net.fabricmc.loader.impl.launch.knot.Knot.launch(Knot.java:72) ~[fabric-loader-0.19.0.jar:?]
	at net.fabricmc.loader.impl.launch.knot.KnotClient.main(KnotClient.java:23) ~[fabric-loader-0.19.0.jar:?]
	at net.fabricmc.devlaunchinjector.Main.main(Main.java:86) ~[dev-launch-injector-0.2.1+build.8.jar:?]
Caused by: com.mojang.authlib.exceptions.MinecraftClientHttpException: Status: 401
	at com.mojang.authlib.minecraft.client.MinecraftClient.readInputStream(MinecraftClient.java:85) ~[authlib-4.0.43.jar:?]
	at com.mojang.authlib.minecraft.client.MinecraftClient.get(MinecraftClient.java:48) ~[authlib-4.0.43.jar:?]
	at com.mojang.authlib.yggdrasil.YggdrasilUserApiService.fetchProperties(YggdrasilUserApiService.java:129) ~[authlib-4.0.43.jar:?]
	... 9 more
[16:14:58] [Render thread/INFO] (Minecraft) Setting user: Player856
[16:14:59] [Render thread/INFO] (MinecraftTransitRailway) Starting Minecraft with arguments:
-Dfabric.dli.config=/home/justnoone/Documents/MAGIC@@0020MOD@@0020files/jmem_b1/.gradle/loom-cache/launch.cfg
-Dfabric.dli.env=client
-Dfabric.dli.main=net.fabricmc.loader.impl.launch.knot.KnotClient
-Dfile.encoding=UTF-8
-Duser.country=US
-Duser.language=en
-Duser.variant
[16:14:59] [Render thread/INFO] (MinecraftTransitRailway) :  __  __ _                            __ _    
[16:14:59] [Render thread/INFO] (MinecraftTransitRailway) : |  \/  (_)                          / _| |   
[16:14:59] [Render thread/INFO] (MinecraftTransitRailway) : | \  / |_ _ __   ___  ___ _ __ __ _| |_| |_  
[16:14:59] [Render thread/INFO] (MinecraftTransitRailway) : | |\/| | | '_ \ / _ \/ __| '__/ _` |  _| __| 
[16:14:59] [Render thread/INFO] (MinecraftTransitRailway) : | |  | | | | | |  __/ (__| | | (_| | | | |_  
[16:14:59] [Render thread/INFO] (MinecraftTransitRailway) : |_|__|_|_|_| |_|\___|\___|_|_ \__,_|_|  \__| 
[16:14:59] [Render thread/INFO] (MinecraftTransitRailway) : |__   __|                (_) |               
[16:14:59] [Render thread/INFO] (MinecraftTransitRailway) :    | |_ __ __ _ _ __  ___ _| |_              
[16:14:59] [Render thread/INFO] (MinecraftTransitRailway) :    | | '__/ _` | '_ \/ __| | __|             
[16:14:59] [Render thread/INFO] (MinecraftTransitRailway) :    | | | | (_| | | | \__ \ | |_              
[16:14:59] [Render thread/INFO] (MinecraftTransitRailway) :    |_|_|  \__,_|_| |_|___/_|\__|             
[16:14:59] [Render thread/INFO] (MinecraftTransitRailway) :  _____       _ _                             
[16:14:59] [Render thread/INFO] (MinecraftTransitRailway) : |  __ \     (_) |                            
[16:14:59] [Render thread/INFO] (MinecraftTransitRailway) : | |__) |__ _ _| |_      ____ _ _   _         
[16:14:59] [Render thread/INFO] (MinecraftTransitRailway) : |  _  // _` | | \ \ /\ / / _` | | | |        
[16:14:59] [Render thread/INFO] (MinecraftTransitRailway) : | | \ \ (_| | | |\ V  V / (_| | |_| |        
[16:14:59] [Render thread/INFO] (MinecraftTransitRailway) : |_|  \_\__,_|_|_| \_/\_/ \__,_|\__, |        
[16:14:59] [Render thread/INFO] (MinecraftTransitRailway) :                                 __/ |        
[16:14:59] [Render thread/INFO] (MinecraftTransitRailway) :                                |___/ (4.0.3+1.20.1) 
[16:14:59] [Render thread/INFO] (MinecraftTransitRailway) :                                              
[16:14:59] [Render thread/INFO] (MinecraftTransitRailway) Registering Minecraft Transit Railway blocks
[16:14:59] [Render thread/INFO] (MinecraftTransitRailway) Registering Minecraft Transit Railway items
[16:14:59] [Render thread/INFO] (MinecraftTransitRailway) Registering Minecraft Transit Railway block entity types
[16:14:59] [Render thread/INFO] (MinecraftTransitRailway) Registering Minecraft Transit Railway entity types
[16:14:59] [Render thread/INFO] (MinecraftTransitRailway) Registering Minecraft Transit Railway creative mode tabs
[16:14:59] [Render thread/INFO] (MinecraftTransitRailway) Registering Minecraft Transit Railway sound events
[16:14:59] [Render thread/INFO] (MinecraftMappings) Minecraft Mappings logging enabled
[16:14:59] [Render thread/INFO] (MAGIC) :            .......           
:        ###........###       
:     #####.............#     
:   #######...............##  
:  #########       .......... 
:  #######    #..    ........ 
:  ######    #####    ....... 
:  ######  #######  ......... 
:  @@#####    #####    ....... 
:  @@@#####    ###    ####.#.. 
:  @@@@@#####       ########## 
:   @@@@@@#################### 
:     @@@@@@###############    
:        @@@@@##########       
:            @@@@###           
: 1.0.4 - JustNoone - 2026 MIT
[16:15:00] [Worker-Main-1/INFO] (Mod Menu/Update Checker) Checking mod updates...
[16:15:00] [Render thread/INFO] (YetAnotherConfigLib) Deserializing YACLConfig from '/home/justnoone/Documents/MAGIC MOD files/jmem_b1/run/config/yacl.json5'
[16:15:00] [Render thread/INFO] (Indigo) [Indigo] Registering Indigo renderer!
[16:15:00] [Render thread/INFO] (MinecraftTransitRailway) Registering Minecraft Transit Railway key bindings
[16:15:00] [Render thread/INFO] (Minecraft) [STDERR]: [MAGIC] Failed to register client commands: net.fabricmc.fabric.impl.base.event.ArrayBackedEvent.register(net.fabricmc.fabric.api.client.command.v2.ClientCommandRegistrationCallback)
[16:15:01] [Render thread/INFO] (Minecraft) Backend library: LWJGL version 3.3.2-snapshot
[16:15:01] [Render thread/INFO] (Minecraft) [STDERR]: [LWJGL] [ThreadLocalUtil] Unsupported JNI version detected, this may result in a crash. Please inform LWJGL developers.
[16:15:02] [Render thread/INFO] (Minecraft) Reloading ResourceManager: vanilla, fabric (fabric-registry-sync-v0, fabric-resource-loader-v0, fabric-content-registries-v0, fabric-networking-v0, fabric-containers-v0, fabric-gametest-api-v1, fabric-item-api-v1, fabric-keybindings-v0, fabric-rendering-fluids-v1, fabric-transitive-access-wideners-v1, fabric-client-tags-api-v1, fabric-rendering-v1, modmenu, fabric-dimensions-v1, fabric-lifecycle-events-v1, fabric-crash-report-info-v1, fabric-commands-v0, bluemap, fabric-rendering-data-attachment-v1, yet_another_config_lib_v3, fabric-object-builder-api-v1, fabric-screen-api-v1, fabric-models-v0, fabric-loot-api-v2, cloth-config, fabric-data-attachment-api-v1, fabric-entity-events-v1, fabric-sound-api-v1, fabric-events-lifecycle-v0, fabric-resource-conditions-api-v1, fabric-loot-tables-v1, fabric-screen-handler-api-v1, fabric-data-generation-api-v1, fabric-renderer-registries-v1, fabric-item-group-api-v1, fabric-api-base, fabric-command-api-v2, fabric-convention-tags-v1, fabric-game-rule-api-v1, fabric-transfer-api-v1, fabric-renderer-indigo, fabric-api-lookup-api-v1, fabric-biome-api-v1, fabricloader, fabric-blockrenderlayer-v1, fabric-command-api-v1, fabric-model-loading-api-v1, mtr, fabric-particles-v1, fabric-mining-level-api-v1, fabric-rendering-v0, fabric-networking-api-v1, fabric-renderer-api-v1, fabric-message-api-v1, fabric-key-binding-api-v1, fabric-recipe-api-v1, jme, fabric-block-view-api-v2, fabric-api, fabric-block-api-v1, fabric-events-interaction-v0)
[16:15:03] [Worker-Main-9/INFO] (Minecraft) Found unifont_all_no_pua-15.0.06.hex, loading
[16:15:03] [Worker-Main-8/WARN] (Minecraft) File mtr:sounds/minecart/loop.ogg does not exist, cannot add it to event mtr:minecart_loop
[16:15:03] [Worker-Main-8/WARN] (Minecraft) File mtr:sounds/minecart/motor4.ogg does not exist, cannot add it to event mtr:minecart_motor4
[16:15:03] [Worker-Main-8/WARN] (Minecraft) File mtr:sounds/minecart/motor3.ogg does not exist, cannot add it to event mtr:minecart_motor3
[16:15:03] [Worker-Main-1/WARN] (Minecraft) Invalid frame index on sprite mtr:item/rail_connector_selected frame 1: 1
[16:15:03] [Worker-Main-4/WARN] (Minecraft) Texture mtr:block/psd_door_bottom_right_1 with size 72x36 limits mip level from 4 to 2
[16:15:03] [Worker-Main-4/WARN] (Minecraft) minecraft:textures/atlas/blocks.png: dropping miplevel from 4 to 2, because of minimum power of two: 4
[16:15:04] [Realms Notification Availability checker #1/INFO] (Minecraft) Could not authorize you against Realms server: java.lang.RuntimeException: Failed to parse into SignedJWT: FabricMC
[16:15:08] [Render thread/WARN] (Minecraft) Missing sound for event: minecraft:item.goat_horn.play
[16:15:08] [Render thread/WARN] (Minecraft) Missing sound for event: minecraft:entity.goat.screaming.horn_break
[16:15:09] [Render thread/INFO] (Minecraft) OpenAL initialized on device JBL Tune 520C Analog Stereo
[16:15:09] [Render thread/INFO] (Minecraft) Sound engine started
[16:15:09] [Render thread/INFO] (Minecraft) Created: 4096x2048x2 minecraft:textures/atlas/blocks.png-atlas
[16:15:09] [Render thread/INFO] (Minecraft) Created: 256x256x4 minecraft:textures/atlas/signs.png-atlas
[16:15:09] [Render thread/INFO] (Minecraft) Created: 512x512x4 minecraft:textures/atlas/shield_patterns.png-atlas
[16:15:09] [Render thread/INFO] (Minecraft) Created: 512x512x4 minecraft:textures/atlas/banner_patterns.png-atlas
[16:15:09] [Render thread/INFO] (Minecraft) Created: 1024x1024x4 minecraft:textures/atlas/armor_trims.png-atlas
[16:15:09] [Render thread/INFO] (Minecraft) Created: 256x256x4 minecraft:textures/atlas/chest.png-atlas
[16:15:09] [Render thread/INFO] (Minecraft) Created: 128x64x4 minecraft:textures/atlas/decorated_pot.png-atlas
[16:15:09] [Render thread/INFO] (Minecraft) Created: 512x256x4 minecraft:textures/atlas/beds.png-atlas
[16:15:09] [Render thread/INFO] (Minecraft) Created: 512x256x4 minecraft:textures/atlas/shulker_boxes.png-atlas
[16:15:09] [Render thread/WARN] (Minecraft) Shader rendertype_entity_translucent_emissive could not find sampler named Sampler2 in the specified shader program.
[16:15:10] [Render thread/INFO] (Minecraft) Created: 256x256x0 minecraft:textures/atlas/particles.png-atlas
[16:15:10] [Render thread/INFO] (Minecraft) Created: 256x256x0 minecraft:textures/atlas/paintings.png-atlas
[16:15:10] [Render thread/INFO] (Minecraft) Created: 128x128x0 minecraft:textures/atlas/mob_effects.png-atlas
[16:15:11] [Render thread/INFO] (MinecraftTransitRailway) Loaded 423 vehicles and completed door movement validation in 0.0 ms
[16:15:11] [Render thread/INFO] (MinecraftTransitRailway) Loaded 131 signs
[16:15:11] [Render thread/INFO] (MinecraftTransitRailway) Loaded 3 rails
[16:15:11] [Render thread/INFO] (MinecraftTransitRailway) Loaded 1 objects
[16:15:11] [Render thread/INFO] (MinecraftTransitRailway) Loaded 1 lifts
[16:16:03] [Worker-Main-1/ERROR] (Minecraft) Couldn't parse element loot_tables:mtr:blocks/train_cargo_unloader
com.google.gson.JsonSyntaxException: Expected name to be an item, was unknown string 'mtr:train_cargo_unloader'
	at net.minecraft.util.JsonHelper.method_17995(JsonHelper.java:145) ~[minecraft-merged-aef3d747c9-1.20.1-net.fabricmc.yarn.1_20_1.1.20.1+build.10-v2.jar:?]
	at java.util.Optional.orElseThrow(Optional.java:403) ~[?:?]
	at net.minecraft.util.JsonHelper.asItem(JsonHelper.java:145) ~[minecraft-merged-aef3d747c9-1.20.1-net.fabricmc.yarn.1_20_1.1.20.1+build.10-v2.jar:?]
	at net.minecraft.util.JsonHelper.getItem(JsonHelper.java:153) ~[minecraft-merged-aef3d747c9-1.20.1-net.fabricmc.yarn.1_20_1.1.20.1+build.10-v2.jar:?]
	at net.minecraft.loot.entry.ItemEntry$Serializer.fromJson(ItemEntry.java:55) ~[minecraft-merged-aef3d747c9-1.20.1-net.fabricmc.yarn.1_20_1.1.20.1+build.10-v2.jar:?]
	at net.minecraft.loot.entry.ItemEntry$Serializer.fromJson(ItemEntry.java:40) ~[minecraft-merged-aef3d747c9-1.20.1-net.fabricmc.yarn.1_20_1.1.20.1+build.10-v2.jar:?]
	at net.minecraft.loot.entry.LeafEntry$Serializer.fromJson(LeafEntry.java:151) ~[minecraft-merged-aef3d747c9-1.20.1-net.fabricmc.yarn.1_20_1.1.20.1+build.10-v2.jar:?]
	at net.minecraft.loot.entry.LeafEntry$Serializer.fromJson(LeafEntry.java:129) ~[minecraft-merged-aef3d747c9-1.20.1-net.fabricmc.yarn.1_20_1.1.20.1+build.10-v2.jar:?]
	at net.minecraft.loot.entry.LootPoolEntry$Serializer.fromJson(LootPoolEntry.java:86) ~[minecraft-merged-aef3d747c9-1.20.1-net.fabricmc.yarn.1_20_1.1.20.1+build.10-v2.jar:?]
	at net.minecraft.loot.entry.LootPoolEntry$Serializer.fromJson(LootPoolEntry.java:74) ~[minecraft-merged-aef3d747c9-1.20.1-net.fabricmc.yarn.1_20_1.1.20.1+build.10-v2.jar:?]
	at net.minecraft.util.JsonSerializing$GsonSerializer.deserialize(JsonSerializing.java:102) ~[minecraft-merged-aef3d747c9-1.20.1-net.fabricmc.yarn.1_20_1.1.20.1+build.10-v2.jar:?]
	at com.google.gson.internal.bind.TreeTypeAdapter.read(TreeTypeAdapter.java:76) ~[gson-2.10.jar:?]
	at com.google.gson.internal.bind.TypeAdapterRuntimeTypeWrapper.read(TypeAdapterRuntimeTypeWrapper.java:40) ~[gson-2.10.jar:?]
	at com.google.gson.internal.bind.ArrayTypeAdapter.read(ArrayTypeAdapter.java:72) ~[gson-2.10.jar:?]
	at com.google.gson.Gson.fromJson(Gson.java:1214) ~[gson-2.10.jar:?]
	at com.google.gson.Gson.fromJson(Gson.java:1319) ~[gson-2.10.jar:?]
	at com.google.gson.Gson.fromJson(Gson.java:1290) ~[gson-2.10.jar:?]
	at com.google.gson.internal.bind.TreeTypeAdapter$GsonContextImpl.deserialize(TreeTypeAdapter.java:179) ~[gson-2.10.jar:?]
	at net.minecraft.util.JsonHelper.deserialize(JsonHelper.java:463) ~[minecraft-merged-aef3d747c9-1.20.1-net.fabricmc.yarn.1_20_1.1.20.1+build.10-v2.jar:?]
	at net.minecraft.util.JsonHelper.deserialize(JsonHelper.java:471) ~[minecraft-merged-aef3d747c9-1.20.1-net.fabricmc.yarn.1_20_1.1.20.1+build.10-v2.jar:?]
	at net.minecraft.loot.LootPool$Serializer.deserialize(LootPool.java:173) ~[minecraft-merged-aef3d747c9-1.20.1-net.fabricmc.yarn.1_20_1.1.20.1+build.10-v2.jar:?]
	at net.minecraft.loot.LootPool$Serializer.deserialize(LootPool.java:169) ~[minecraft-merged-aef3d747c9-1.20.1-net.fabricmc.yarn.1_20_1.1.20.1+build.10-v2.jar:?]
	at com.google.gson.internal.bind.TreeTypeAdapter.read(TreeTypeAdapter.java:76) ~[gson-2.10.jar:?]
	at com.google.gson.internal.bind.TypeAdapterRuntimeTypeWrapper.read(TypeAdapterRuntimeTypeWrapper.java:40) ~[gson-2.10.jar:?]
	at com.google.gson.internal.bind.ArrayTypeAdapter.read(ArrayTypeAdapter.java:72) ~[gson-2.10.jar:?]
	at com.google.gson.Gson.fromJson(Gson.java:1214) ~[gson-2.10.jar:?]
	at com.google.gson.Gson.fromJson(Gson.java:1319) ~[gson-2.10.jar:?]
	at com.google.gson.Gson.fromJson(Gson.java:1290) ~[gson-2.10.jar:?]
	at com.google.gson.internal.bind.TreeTypeAdapter$GsonContextImpl.deserialize(TreeTypeAdapter.java:179) ~[gson-2.10.jar:?]
	at net.minecraft.util.JsonHelper.deserialize(JsonHelper.java:463) ~[minecraft-merged-aef3d747c9-1.20.1-net.fabricmc.yarn.1_20_1.1.20.1+build.10-v2.jar:?]
	at net.minecraft.util.JsonHelper.deserialize(JsonHelper.java:481) ~[minecraft-merged-aef3d747c9-1.20.1-net.fabricmc.yarn.1_20_1.1.20.1+build.10-v2.jar:?]
	at net.minecraft.loot.LootTable$Serializer.deserialize(LootTable.java:250) ~[minecraft-merged-aef3d747c9-1.20.1-net.fabricmc.yarn.1_20_1.1.20.1+build.10-v2.jar:?]
	at net.minecraft.loot.LootTable$Serializer.deserialize(LootTable.java:246) ~[minecraft-merged-aef3d747c9-1.20.1-net.fabricmc.yarn.1_20_1.1.20.1+build.10-v2.jar:?]
	at com.google.gson.internal.bind.TreeTypeAdapter.read(TreeTypeAdapter.java:76) ~[gson-2.10.jar:?]
	at com.google.gson.Gson.fromJson(Gson.java:1214) ~[gson-2.10.jar:?]
	at com.google.gson.Gson.fromJson(Gson.java:1319) ~[gson-2.10.jar:?]
	at com.google.gson.Gson.fromJson(Gson.java:1261) ~[gson-2.10.jar:?]
	at net.minecraft.loot.LootDataType.method_51205(LootDataType.java:64) ~[minecraft-merged-aef3d747c9-1.20.1-net.fabricmc.yarn.1_20_1.1.20.1+build.10-v2.jar:?]
	at net.minecraft.loot.LootDataType.parse(LootDataType.java:48) ~[minecraft-merged-aef3d747c9-1.20.1-net.fabricmc.yarn.1_20_1.1.20.1+build.10-v2.jar:?]
	at net.minecraft.loot.LootManager.method_51195(LootManager.java:55) ~[minecraft-merged-aef3d747c9-1.20.1-net.fabricmc.yarn.1_20_1.1.20.1+build.10-v2.jar:?]
	at java.util.HashMap.forEach(HashMap.java:1429) ~[?:?]
	at net.minecraft.loot.LootManager.method_51189(LootManager.java:55) ~[minecraft-merged-aef3d747c9-1.20.1-net.fabricmc.yarn.1_20_1.1.20.1+build.10-v2.jar:?]
	at java.util.concurrent.CompletableFuture$AsyncRun.run(CompletableFuture.java:1804) ~[?:?]
	at java.util.concurrent.CompletableFuture$AsyncRun.exec(CompletableFuture.java:1796) ~[?:?]
	at java.util.concurrent.ForkJoinTask.doExec(ForkJoinTask.java:387) ~[?:?]
	at java.util.concurrent.ForkJoinPool$WorkQueue.topLevelExec(ForkJoinPool.java:1312) ~[?:?]
	at java.util.concurrent.ForkJoinPool.scan(ForkJoinPool.java:1843) ~[?:?]
	at java.util.concurrent.ForkJoinPool.runWorker(ForkJoinPool.java:1808) ~[?:?]
	at java.util.concurrent.ForkJoinWorkerThread.run(ForkJoinWorkerThread.java:188) ~[?:?]
[16:16:03] [Worker-Main-1/ERROR] (Minecraft) Couldn't parse element loot_tables:mtr:blocks/train_cargo_loader
com.google.gson.JsonSyntaxException: Expected name to be an item, was unknown string 'mtr:train_cargo_loader'
	at net.minecraft.util.JsonHelper.method_17995(JsonHelper.java:145) ~[minecraft-merged-aef3d747c9-1.20.1-net.fabricmc.yarn.1_20_1.1.20.1+build.10-v2.jar:?]
	at java.util.Optional.orElseThrow(Optional.java:403) ~[?:?]
	at net.minecraft.util.JsonHelper.asItem(JsonHelper.java:145) ~[minecraft-merged-aef3d747c9-1.20.1-net.fabricmc.yarn.1_20_1.1.20.1+build.10-v2.jar:?]
	at net.minecraft.util.JsonHelper.getItem(JsonHelper.java:153) ~[minecraft-merged-aef3d747c9-1.20.1-net.fabricmc.yarn.1_20_1.1.20.1+build.10-v2.jar:?]
	at net.minecraft.loot.entry.ItemEntry$Serializer.fromJson(ItemEntry.java:55) ~[minecraft-merged-aef3d747c9-1.20.1-net.fabricmc.yarn.1_20_1.1.20.1+build.10-v2.jar:?]
	at net.minecraft.loot.entry.ItemEntry$Serializer.fromJson(ItemEntry.java:40) ~[minecraft-merged-aef3d747c9-1.20.1-net.fabricmc.yarn.1_20_1.1.20.1+build.10-v2.jar:?]
	at net.minecraft.loot.entry.LeafEntry$Serializer.fromJson(LeafEntry.java:151) ~[minecraft-merged-aef3d747c9-1.20.1-net.fabricmc.yarn.1_20_1.1.20.1+build.10-v2.jar:?]
	at net.minecraft.loot.entry.LeafEntry$Serializer.fromJson(LeafEntry.java:129) ~[minecraft-merged-aef3d747c9-1.20.1-net.fabricmc.yarn.1_20_1.1.20.1+build.10-v2.jar:?]
	at net.minecraft.loot.entry.LootPoolEntry$Serializer.fromJson(LootPoolEntry.java:86) ~[minecraft-merged-aef3d747c9-1.20.1-net.fabricmc.yarn.1_20_1.1.20.1+build.10-v2.jar:?]
	at net.minecraft.loot.entry.LootPoolEntry$Serializer.fromJson(LootPoolEntry.java:74) ~[minecraft-merged-aef3d747c9-1.20.1-net.fabricmc.yarn.1_20_1.1.20.1+build.10-v2.jar:?]
	at net.minecraft.util.JsonSerializing$GsonSerializer.deserialize(JsonSerializing.java:102) ~[minecraft-merged-aef3d747c9-1.20.1-net.fabricmc.yarn.1_20_1.1.20.1+build.10-v2.jar:?]
	at com.google.gson.internal.bind.TreeTypeAdapter.read(TreeTypeAdapter.java:76) ~[gson-2.10.jar:?]
	at com.google.gson.internal.bind.TypeAdapterRuntimeTypeWrapper.read(TypeAdapterRuntimeTypeWrapper.java:40) ~[gson-2.10.jar:?]
	at com.google.gson.internal.bind.ArrayTypeAdapter.read(ArrayTypeAdapter.java:72) ~[gson-2.10.jar:?]
	at com.google.gson.Gson.fromJson(Gson.java:1214) ~[gson-2.10.jar:?]
	at com.google.gson.Gson.fromJson(Gson.java:1319) ~[gson-2.10.jar:?]
	at com.google.gson.Gson.fromJson(Gson.java:1290) ~[gson-2.10.jar:?]
	at com.google.gson.internal.bind.TreeTypeAdapter$GsonContextImpl.deserialize(TreeTypeAdapter.java:179) ~[gson-2.10.jar:?]
	at net.minecraft.util.JsonHelper.deserialize(JsonHelper.java:463) ~[minecraft-merged-aef3d747c9-1.20.1-net.fabricmc.yarn.1_20_1.1.20.1+build.10-v2.jar:?]
	at net.minecraft.util.JsonHelper.deserialize(JsonHelper.java:471) ~[minecraft-merged-aef3d747c9-1.20.1-net.fabricmc.yarn.1_20_1.1.20.1+build.10-v2.jar:?]
	at net.minecraft.loot.LootPool$Serializer.deserialize(LootPool.java:173) ~[minecraft-merged-aef3d747c9-1.20.1-net.fabricmc.yarn.1_20_1.1.20.1+build.10-v2.jar:?]
	at net.minecraft.loot.LootPool$Serializer.deserialize(LootPool.java:169) ~[minecraft-merged-aef3d747c9-1.20.1-net.fabricmc.yarn.1_20_1.1.20.1+build.10-v2.jar:?]
	at com.google.gson.internal.bind.TreeTypeAdapter.read(TreeTypeAdapter.java:76) ~[gson-2.10.jar:?]
	at com.google.gson.internal.bind.TypeAdapterRuntimeTypeWrapper.read(TypeAdapterRuntimeTypeWrapper.java:40) ~[gson-2.10.jar:?]
	at com.google.gson.internal.bind.ArrayTypeAdapter.read(ArrayTypeAdapter.java:72) ~[gson-2.10.jar:?]
	at com.google.gson.Gson.fromJson(Gson.java:1214) ~[gson-2.10.jar:?]
	at com.google.gson.Gson.fromJson(Gson.java:1319) ~[gson-2.10.jar:?]
	at com.google.gson.Gson.fromJson(Gson.java:1290) ~[gson-2.10.jar:?]
	at com.google.gson.internal.bind.TreeTypeAdapter$GsonContextImpl.deserialize(TreeTypeAdapter.java:179) ~[gson-2.10.jar:?]
	at net.minecraft.util.JsonHelper.deserialize(JsonHelper.java:463) ~[minecraft-merged-aef3d747c9-1.20.1-net.fabricmc.yarn.1_20_1.1.20.1+build.10-v2.jar:?]
	at net.minecraft.util.JsonHelper.deserialize(JsonHelper.java:481) ~[minecraft-merged-aef3d747c9-1.20.1-net.fabricmc.yarn.1_20_1.1.20.1+build.10-v2.jar:?]
	at net.minecraft.loot.LootTable$Serializer.deserialize(LootTable.java:250) ~[minecraft-merged-aef3d747c9-1.20.1-net.fabricmc.yarn.1_20_1.1.20.1+build.10-v2.jar:?]
	at net.minecraft.loot.LootTable$Serializer.deserialize(LootTable.java:246) ~[minecraft-merged-aef3d747c9-1.20.1-net.fabricmc.yarn.1_20_1.1.20.1+build.10-v2.jar:?]
	at com.google.gson.internal.bind.TreeTypeAdapter.read(TreeTypeAdapter.java:76) ~[gson-2.10.jar:?]
	at com.google.gson.Gson.fromJson(Gson.java:1214) ~[gson-2.10.jar:?]
	at com.google.gson.Gson.fromJson(Gson.java:1319) ~[gson-2.10.jar:?]
	at com.google.gson.Gson.fromJson(Gson.java:1261) ~[gson-2.10.jar:?]
	at net.minecraft.loot.LootDataType.method_51205(LootDataType.java:64) ~[minecraft-merged-aef3d747c9-1.20.1-net.fabricmc.yarn.1_20_1.1.20.1+build.10-v2.jar:?]
	at net.minecraft.loot.LootDataType.parse(LootDataType.java:48) ~[minecraft-merged-aef3d747c9-1.20.1-net.fabricmc.yarn.1_20_1.1.20.1+build.10-v2.jar:?]
	at net.minecraft.loot.LootManager.method_51195(LootManager.java:55) ~[minecraft-merged-aef3d747c9-1.20.1-net.fabricmc.yarn.1_20_1.1.20.1+build.10-v2.jar:?]
	at java.util.HashMap.forEach(HashMap.java:1429) ~[?:?]
	at net.minecraft.loot.LootManager.method_51189(LootManager.java:55) ~[minecraft-merged-aef3d747c9-1.20.1-net.fabricmc.yarn.1_20_1.1.20.1+build.10-v2.jar:?]
	at java.util.concurrent.CompletableFuture$AsyncRun.run(CompletableFuture.java:1804) ~[?:?]
	at java.util.concurrent.CompletableFuture$AsyncRun.exec(CompletableFuture.java:1796) ~[?:?]
	at java.util.concurrent.ForkJoinTask.doExec(ForkJoinTask.java:387) ~[?:?]
	at java.util.concurrent.ForkJoinPool$WorkQueue.topLevelExec(ForkJoinPool.java:1312) ~[?:?]
	at java.util.concurrent.ForkJoinPool.scan(ForkJoinPool.java:1843) ~[?:?]
	at java.util.concurrent.ForkJoinPool.runWorker(ForkJoinPool.java:1808) ~[?:?]
	at java.util.concurrent.ForkJoinWorkerThread.run(ForkJoinWorkerThread.java:188) ~[?:?]
[16:16:03] [Render thread/INFO] (Minecraft) Loaded 7 recipes
[16:16:03] [Render thread/INFO] (Minecraft) Loaded 1271 advancements
[16:16:06] [Render thread/INFO] (BiomeModificationImpl) Applied 0 biome modifications to 0 of 64 new biomes in 2.833 ms
[16:16:06] [Server thread/INFO] (Minecraft) Starting integrated minecraft server version 1.20.1
[16:16:06] [Server thread/INFO] (Minecraft) Generating keypair
[16:16:06] [Server thread/INFO] (Minecraft) Preparing start region for dimension minecraft:overworld
[16:16:09] [Render thread/INFO] (Minecraft) Preparing spawn area: 0%
[16:16:09] [Render thread/INFO] (Minecraft) Preparing spawn area: 0%
[16:16:09] [Render thread/INFO] (Minecraft) Preparing spawn area: 0%
[16:16:09] [Render thread/INFO] (Minecraft) Preparing spawn area: 0%
[16:16:09] [Render thread/INFO] (Minecraft) Preparing spawn area: 0%
[16:16:09] [Render thread/INFO] (Minecraft) Preparing spawn area: 0%
[16:16:09] [Render thread/INFO] (Minecraft) Preparing spawn area: 0%
[16:16:10] [Render thread/INFO] (Minecraft) Preparing spawn area: 28%
[16:16:10] [Render thread/INFO] (Minecraft) Preparing spawn area: 80%
[16:16:11] [Render thread/INFO] (Minecraft) Time elapsed: 4288 ms
[16:16:11] [BlueMap-Plugin-Loading/INFO] (BlueMap) Loading BlueMap...
[16:16:11] [Server thread/INFO] (MinecraftTransitRailway) Found available port: 8888
[16:16:11] [Server thread/INFO] (TransportSimulationCore) Loading files...
[16:16:11] [Server thread/INFO] (TransportSimulationCore) Data loading complete for minecraft/overworld in 0.347 second(s)
[16:16:11] [Server thread/INFO] (TransportSimulationCore) Data loading complete for minecraft/the_end in 0.001 second(s)
[16:16:11] [Server thread/INFO] (TransportSimulationCore) Data loading complete for minecraft/the_nether in 0.0 second(s)
[16:16:11] [Server thread/INFO] (log) Logging initialized @98227ms to org.mtr.libraries.org.eclipse.jetty.util.log.Slf4jLog
[16:16:12] [Server thread/INFO] (Server) jetty-9.4.54.v20240208; built: 2024-02-08T19:42:39.027Z; git: cef3fbd6d736a21e7d541a5db490381d95a2047d; jvm 21.0.10+7-LTS
[16:16:12] [Server thread/INFO] (ContextHandler) Started o.m.l.o.e.j.s.ServletContextHandler@131f6c8d{/,null,AVAILABLE}
[16:16:12] [Server thread/INFO] (AbstractConnector) Started ServerConnector@6cc10a7b{HTTP/1.1, (http/1.1)}{0.0.0.0:8888}
[16:16:12] [Server thread/INFO] (Server) Started @98538ms
[16:16:12] [Server thread/INFO] (TransportSimulationCore) Server started with dimensions [minecraft/overworld, minecraft/the_end, minecraft/the_nether]
[16:16:12] [Server thread/INFO] (MinecraftTransitRailway) Starting server as a non-dedicated server
[16:16:12] [Server thread/INFO] (Minecraft) Changing view distance to 32, from 10
[16:16:12] [Server thread/INFO] (Minecraft) Changing simulation distance to 12, from 0
[16:16:12] [BlueMap-Plugin-Loading/INFO] (BlueMap) Loading resources...
[16:16:13] [BlueMap-Plugin-Loading/INFO] (BlueMap) Loading textures...
[16:16:13] [Server thread/INFO] (Minecraft) Player856[local:E:c607544f] logged in with entity id 30 at (17.442513596544543, -35.006862994049804, 99.61136194594236)
[16:16:13] [Server thread/INFO] (Minecraft) Player856 joined the game
[16:16:15] [BlueMap-Plugin-Loading/INFO] (BlueMap) Baking resources...
[16:16:15] [BlueMap-Plugin-Loading/INFO] (BlueMap) Resources loaded.
[16:16:15] [BlueMap-Plugin-Loading/INFO] (BlueMap) Initializing Storage: 'file' (Type: 'bluemap:file')
[16:16:15] [BlueMap-Plugin-Loading/INFO] (BlueMap) Loading map 'new_world_the_nether'...
[16:16:16] [BlueMap-Plugin-Loading/INFO] (BlueMap) Loading map 'new_world'...
[16:16:16] [BlueMap-Plugin-Loading/INFO] (BlueMap) Loading map 'new_world_the_end'...
[16:16:16] [BlueMap-Plugin-Loading/INFO] (BlueMap) WebServer bound to all network interfaces on port 8100
[16:16:16] [Thread-22/INFO] (BlueMap) WebServer started.
[16:16:16] [BlueMap-Plugin-Loading/INFO] (TransportSimulationCore) [jme] BlueMap detected, enabling rail layers
[16:16:16] [BlueMap-Plugin-Loading/INFO] (BlueMap) BlueMap loaded!
[16:16:16] [Server thread/INFO] (TransportSimulationCore) [jme] BlueMap rail layers updated (3 dims) in 190 ms
[16:16:16] [Render thread/INFO] (MinecraftTransitRailway) Open the Transport System Map at http://localhost:8888
[16:16:16] [Render thread/INFO] (MinecraftTransitRailway) Open the Resource Pack Creator at http://localhost:8888/creator/
[16:16:17] [Render thread/INFO] (Minecraft) Loaded 2 advancements
[16:16:19] [Server thread/INFO] (Minecraft) Saving and pausing game...
[16:16:19] [Server thread/INFO] (Minecraft) Saving chunks for level 'ServerLevel[New World]'/minecraft:overworld
[16:16:20] [Server thread/INFO] (Minecraft) Saving chunks for level 'ServerLevel[New World]'/minecraft:the_end
[16:16:20] [Server thread/INFO] (Minecraft) Saving chunks for level 'ServerLevel[New World]'/minecraft:the_nether
[16:16:46] [Render thread/ERROR] (Minecraft) Error executing task on Client
java.util.ConcurrentModificationException: null
	at java.util.HashMap.computeIfAbsent(HashMap.java:1229) ~[?:?]
	at org.mtr.mapping.tool.PacketBufferReceiver.lambda$receive$1(PacketBufferReceiver.java:99) ~[minecraft-transit-railway-FABRIC-4.0.3+1.20.1.jar:?]
	at net.minecraft.util.thread.ThreadExecutor.executeTask(ThreadExecutor.java:156) ~[minecraft-merged-aef3d747c9-1.20.1-net.fabricmc.yarn.1_20_1.1.20.1+build.10-v2.jar:?]
	at net.minecraft.util.thread.ReentrantThreadExecutor.executeTask(ReentrantThreadExecutor.java:23) ~[minecraft-merged-aef3d747c9-1.20.1-net.fabricmc.yarn.1_20_1.1.20.1+build.10-v2.jar:?]
	at net.minecraft.util.thread.ThreadExecutor.runTask(ThreadExecutor.java:130) ~[minecraft-merged-aef3d747c9-1.20.1-net.fabricmc.yarn.1_20_1.1.20.1+build.10-v2.jar:?]
	at net.minecraft.util.thread.ThreadExecutor.runTasks(ThreadExecutor.java:115) ~[minecraft-merged-aef3d747c9-1.20.1-net.fabricmc.yarn.1_20_1.1.20.1+build.10-v2.jar:?]
	at net.minecraft.client.MinecraftClient.render(MinecraftClient.java:1175) ~[minecraft-merged-aef3d747c9-1.20.1-net.fabricmc.yarn.1_20_1.1.20.1+build.10-v2.jar:?]
	at net.minecraft.client.MinecraftClient.run(MinecraftClient.java:802) ~[minecraft-merged-aef3d747c9-1.20.1-net.fabricmc.yarn.1_20_1.1.20.1+build.10-v2.jar:?]
	at net.minecraft.client.main.Main.main(Main.java:250) ~[minecraft-merged-aef3d747c9-1.20.1-net.fabricmc.yarn.1_20_1.1.20.1+build.10-v2.jar:?]
	at net.fabricmc.loader.impl.game.minecraft.MinecraftGameProvider.launch(MinecraftGameProvider.java:514) ~[fabric-loader-0.19.0.jar:?]
	at net.fabricmc.loader.impl.launch.knot.Knot.launch(Knot.java:72) ~[fabric-loader-0.19.0.jar:?]
	at net.fabricmc.loader.impl.launch.knot.KnotClient.main(KnotClient.java:23) ~[fabric-loader-0.19.0.jar:?]
	at net.fabricmc.devlaunchinjector.Main.main(Main.java:86) ~[dev-launch-injector-0.2.1+build.8.jar:?]
[16:16:53] [Server thread/INFO] (TransportSimulationCore) Starting path generation for aaa...
[16:16:53] [Server thread/INFO] (TransportSimulationCore) Path generation complete for aaa
[16:16:54] [Server thread/INFO] (TransportSimulationCore) [MAGIC] Rerouting siding 1210783530535201294 from platform 4193992466888640201 to -7479743569372641683
[16:16:54] [Server thread/INFO] (TransportSimulationCore) [MAGIC] Rerouting siding 1210783530535201294 from platform 4193992466888640201 to -6539133117606327864
[16:16:54] [Server thread/INFO] (TransportSimulationCore) [MAGIC] No alternative platform found for siding 1210783530535201294 (primary 4193992466888640201, primaryScore 10002, primarySignalBlocked true, primaryClearanceBlocked false, candidates [4193992466888640201, -6539133117606327864, -7479743569372641683], stats {deployingReserved 2, worseThanPrimary 0, missingPlatform 0, pathFail 0, signalBlocked 0, clearanceBlocked 0, approachOccupied 0})
[16:16:54] [Server thread/INFO] (TransportSimulationCore) [MAGIC] No alternative platform found for siding 1210783530535201294 (primary 4193992466888640201, primaryScore 10003, primarySignalBlocked true, primaryClearanceBlocked false, candidates [4193992466888640201, -6539133117606327864, -7479743569372641683], stats {deployingReserved 2, worseThanPrimary 0, missingPlatform 0, pathFail 0, signalBlocked 0, clearanceBlocked 0, approachOccupied 0})
[16:16:57] [Server thread/INFO] (Minecraft) [Player856: Set own game mode to Survival Mode]
[16:16:57] [Render thread/INFO] (Minecraft) [System] [CHAT] Set own game mode to Survival Mode
[16:16:57] [Server thread/INFO] (Minecraft) [Player856: Set own game mode to Creative Mode]
[16:16:57] [Render thread/INFO] (Minecraft) [System] [CHAT] Set own game mode to Creative Mode
[16:16:58] [Server thread/INFO] (Minecraft) [Player856: Set own game mode to Spectator Mode]
[16:16:58] [Render thread/INFO] (Minecraft) [System] [CHAT] Set own game mode to Spectator Mode
[16:17:12] [Server thread/INFO] (TransportSimulationCore) - Changed depots: 1
[16:17:12] [Server thread/INFO] (TransportSimulationCore) Save complete for minecraft/overworld in 0.008 second(s)
[16:17:29] [Render thread/INFO] (Minecraft) [System] [CHAT] Saved screenshot as 2026-04-08_16.17.29.png
[16:17:30] [Server thread/INFO] (Minecraft) [Player856: Set own game mode to Creative Mode]
[16:17:30] [Render thread/INFO] (Minecraft) [System] [CHAT] Set own game mode to Creative Mode
[16:17:42] [Server thread/INFO] (Minecraft) [Player856: Set own game mode to Spectator Mode]
[16:17:42] [Render thread/INFO] (Minecraft) [System] [CHAT] Set own game mode to Spectator Mode
[16:17:50] [Server thread/INFO] (Minecraft) [Player856: Set own game mode to Creative Mode]
[16:17:50] [Render thread/INFO] (Minecraft) [System] [CHAT] Set own game mode to Creative Mode
[16:18:08] [Server thread/INFO] (TransportSimulationCore) Starting path generation for aaa...
[16:18:09] [Server thread/INFO] (TransportSimulationCore) Path not found for aaa
[16:18:12] [Server thread/INFO] (TransportSimulationCore) - Changed routes: 1
[16:18:12] [Server thread/INFO] (TransportSimulationCore) - Changed depots: 1
[16:18:12] [Server thread/INFO] (TransportSimulationCore) Save complete for minecraft/overworld in 0.007 second(s)
[16:18:23] [Server thread/INFO] (TransportSimulationCore) Starting path generation for aaa...
[16:18:23] [Server thread/INFO] (TransportSimulationCore) Path generation complete for aaa
[16:18:23] [Server thread/INFO] (TransportSimulationCore) [MAGIC] Rerouting siding 1210783530535201294 from platform 4193992466888640201 to -7479743569372641683
[16:18:23] [Server thread/INFO] (TransportSimulationCore) [MAGIC] Rerouting siding 1210783530535201294 from platform 4193992466888640201 to -6539133117606327864
[16:18:23] [Server thread/INFO] (TransportSimulationCore) [MAGIC] No alternative platform found for siding 1210783530535201294 (primary 4193992466888640201, primaryScore 10002, primarySignalBlocked true, primaryClearanceBlocked false, candidates [4193992466888640201, -6539133117606327864, -7479743569372641683], stats {deployingReserved 2, worseThanPrimary 0, missingPlatform 0, pathFail 0, signalBlocked 0, clearanceBlocked 0, approachOccupied 0})
[16:18:23] [Server thread/INFO] (TransportSimulationCore) [MAGIC] No alternative platform found for siding 1210783530535201294 (primary 4193992466888640201, primaryScore 10003, primarySignalBlocked true, primaryClearanceBlocked false, candidates [4193992466888640201, -6539133117606327864, -7479743569372641683], stats {deployingReserved 2, worseThanPrimary 0, missingPlatform 0, pathFail 0, signalBlocked 0, clearanceBlocked 0, approachOccupied 0})
[16:18:26] [Server thread/INFO] (Minecraft) [Player856: Set own game mode to Spectator Mode]
[16:18:26] [Render thread/INFO] (Minecraft) [System] [CHAT] Set own game mode to Spectator Mode
[16:18:34] [Server thread/INFO] (Minecraft) [Player856: Set own game mode to Creative Mode]
[16:18:34] [Render thread/INFO] (Minecraft) [System] [CHAT] Set own game mode to Creative Mode
[16:18:39] [Server thread/INFO] (Minecraft) [Player856: Set own game mode to Spectator Mode]
[16:18:39] [Render thread/INFO] (Minecraft) [System] [CHAT] Set own game mode to Spectator Mode
[16:18:42] [Server thread/INFO] (TransportSimulationCore) - Changed routes: 1
[16:18:42] [Server thread/INFO] (TransportSimulationCore) - Changed depots: 1
[16:18:42] [Server thread/INFO] (TransportSimulationCore) Save complete for minecraft/overworld in 0.007 second(s)
[16:18:46] [Server thread/INFO] (Minecraft) [Player856: Set own game mode to Creative Mode]
[16:18:46] [Render thread/INFO] (Minecraft) [System] [CHAT] Set own game mode to Creative Mode
[16:18:53] [ForkJoinPool.commonPool-worker-1/ERROR] (MinecraftTransitRailway) 
java.io.IOException: Server returned HTTP response code: 403 for URL: https://en.wikipedia.org/w/api.php?format=json&action=query&prop=extracts&explaintext&exintro&titles=SP1900_EMU
	at sun.net.www.protocol.http.HttpURLConnection.getInputStream0(HttpURLConnection.java:2028) ~[?:?]
	at sun.net.www.protocol.http.HttpURLConnection.getInputStream(HttpURLConnection.java:1629) ~[?:?]
	at sun.net.www.protocol.https.HttpsURLConnectionImpl.getInputStream(HttpsURLConnectionImpl.java:223) ~[?:?]
	at org.mtr.mod.Init.openConnectionSafe(Init.java:345) ~[minecraft-transit-railway-FABRIC-4.0.3+1.20.1.jar:?]
	at org.mtr.mod.Init.openConnectionSafeJson(Init.java:356) ~[minecraft-transit-railway-FABRIC-4.0.3+1.20.1.jar:?]
	at org.mtr.mod.screen.VehicleSelectorScreen.lambda$fetchWikipediaArticle$11(VehicleSelectorScreen.java:166) ~[minecraft-transit-railway-FABRIC-4.0.3+1.20.1.jar:?]
	at java.util.concurrent.CompletableFuture$AsyncRun.run(CompletableFuture.java:1804) ~[?:?]
	at java.util.concurrent.CompletableFuture$AsyncRun.exec(CompletableFuture.java:1796) ~[?:?]
	at java.util.concurrent.ForkJoinTask.doExec(ForkJoinTask.java:387) ~[?:?]
	at java.util.concurrent.ForkJoinPool$WorkQueue.topLevelExec(ForkJoinPool.java:1312) ~[?:?]
	at java.util.concurrent.ForkJoinPool.scan(ForkJoinPool.java:1843) ~[?:?]
	at java.util.concurrent.ForkJoinPool.runWorker(ForkJoinPool.java:1808) ~[?:?]
	at java.util.concurrent.ForkJoinWorkerThread.run(ForkJoinWorkerThread.java:188) ~[?:?]
[16:18:54] [ForkJoinPool.commonPool-worker-1/ERROR] (MinecraftTransitRailway) 
java.io.IOException: Server returned HTTP response code: 403 for URL: https://en.wikipedia.org/w/api.php?format=json&action=query&prop=extracts&explaintext&exintro&titles=MTR_CRRC_Changchun_EMU
	at sun.net.www.protocol.http.HttpURLConnection.getInputStream0(HttpURLConnection.java:2028) ~[?:?]
	at sun.net.www.protocol.http.HttpURLConnection.getInputStream(HttpURLConnection.java:1629) ~[?:?]
	at sun.net.www.protocol.https.HttpsURLConnectionImpl.getInputStream(HttpsURLConnectionImpl.java:223) ~[?:?]
	at org.mtr.mod.Init.openConnectionSafe(Init.java:345) ~[minecraft-transit-railway-FABRIC-4.0.3+1.20.1.jar:?]
	at org.mtr.mod.Init.openConnectionSafeJson(Init.java:356) ~[minecraft-transit-railway-FABRIC-4.0.3+1.20.1.jar:?]
	at org.mtr.mod.screen.VehicleSelectorScreen.lambda$fetchWikipediaArticle$11(VehicleSelectorScreen.java:166) ~[minecraft-transit-railway-FABRIC-4.0.3+1.20.1.jar:?]
	at java.util.concurrent.CompletableFuture$AsyncRun.run(CompletableFuture.java:1804) ~[?:?]
	at java.util.concurrent.CompletableFuture$AsyncRun.exec(CompletableFuture.java:1796) ~[?:?]
	at java.util.concurrent.ForkJoinTask.doExec(ForkJoinTask.java:387) ~[?:?]
	at java.util.concurrent.ForkJoinPool$WorkQueue.topLevelExec(ForkJoinPool.java:1312) ~[?:?]
	at java.util.concurrent.ForkJoinPool.scan(ForkJoinPool.java:1843) ~[?:?]
	at java.util.concurrent.ForkJoinPool.runWorker(ForkJoinPool.java:1808) ~[?:?]
	at java.util.concurrent.ForkJoinWorkerThread.run(ForkJoinWorkerThread.java:188) ~[?:?]
[16:18:54] [ForkJoinPool.commonPool-worker-2/ERROR] (MinecraftTransitRailway) 
java.io.IOException: Server returned HTTP response code: 403 for URL: https://en.wikipedia.org/w/api.php?format=json&action=query&prop=extracts&explaintext&exintro&titles=British_Rail_Class_345
	at sun.net.www.protocol.http.HttpURLConnection.getInputStream0(HttpURLConnection.java:2028) ~[?:?]
	at sun.net.www.protocol.http.HttpURLConnection.getInputStream(HttpURLConnection.java:1629) ~[?:?]
	at sun.net.www.protocol.https.HttpsURLConnectionImpl.getInputStream(HttpsURLConnectionImpl.java:223) ~[?:?]
	at org.mtr.mod.Init.openConnectionSafe(Init.java:345) ~[minecraft-transit-railway-FABRIC-4.0.3+1.20.1.jar:?]
	at org.mtr.mod.Init.openConnectionSafeJson(Init.java:356) ~[minecraft-transit-railway-FABRIC-4.0.3+1.20.1.jar:?]
	at org.mtr.mod.screen.VehicleSelectorScreen.lambda$fetchWikipediaArticle$11(VehicleSelectorScreen.java:166) ~[minecraft-transit-railway-FABRIC-4.0.3+1.20.1.jar:?]
	at java.util.concurrent.CompletableFuture$AsyncRun.run(CompletableFuture.java:1804) ~[?:?]
	at java.util.concurrent.CompletableFuture$AsyncRun.exec(CompletableFuture.java:1796) ~[?:?]
	at java.util.concurrent.ForkJoinTask.doExec(ForkJoinTask.java:387) ~[?:?]
	at java.util.concurrent.ForkJoinPool$WorkQueue.topLevelExec(ForkJoinPool.java:1312) ~[?:?]
	at java.util.concurrent.ForkJoinPool.scan(ForkJoinPool.java:1843) ~[?:?]
	at java.util.concurrent.ForkJoinPool.runWorker(ForkJoinPool.java:1808) ~[?:?]
	at java.util.concurrent.ForkJoinWorkerThread.run(ForkJoinWorkerThread.java:188) ~[?:?]
[16:18:56] [ForkJoinPool.commonPool-worker-2/ERROR] (MinecraftTransitRailway) 
java.io.IOException: Server returned HTTP response code: 403 for URL: https://en.wikipedia.org/w/api.php?format=json&action=query&prop=extracts&explaintext&exintro&titles=British_Rail_Class_802
	at sun.net.www.protocol.http.HttpURLConnection.getInputStream0(HttpURLConnection.java:2028) ~[?:?]
	at sun.net.www.protocol.http.HttpURLConnection.getInputStream(HttpURLConnection.java:1629) ~[?:?]
	at sun.net.www.protocol.https.HttpsURLConnectionImpl.getInputStream(HttpsURLConnectionImpl.java:223) ~[?:?]
	at org.mtr.mod.Init.openConnectionSafe(Init.java:345) ~[minecraft-transit-railway-FABRIC-4.0.3+1.20.1.jar:?]
	at org.mtr.mod.Init.openConnectionSafeJson(Init.java:356) ~[minecraft-transit-railway-FABRIC-4.0.3+1.20.1.jar:?]
	at org.mtr.mod.screen.VehicleSelectorScreen.lambda$fetchWikipediaArticle$11(VehicleSelectorScreen.java:166) ~[minecraft-transit-railway-FABRIC-4.0.3+1.20.1.jar:?]
	at java.util.concurrent.CompletableFuture$AsyncRun.run(CompletableFuture.java:1804) ~[?:?]
	at java.util.concurrent.CompletableFuture$AsyncRun.exec(CompletableFuture.java:1796) ~[?:?]
	at java.util.concurrent.ForkJoinTask.doExec(ForkJoinTask.java:387) ~[?:?]
	at java.util.concurrent.ForkJoinPool$WorkQueue.topLevelExec(ForkJoinPool.java:1312) ~[?:?]
	at java.util.concurrent.ForkJoinPool.scan(ForkJoinPool.java:1843) ~[?:?]
	at java.util.concurrent.ForkJoinPool.runWorker(ForkJoinPool.java:1808) ~[?:?]
	at java.util.concurrent.ForkJoinWorkerThread.run(ForkJoinWorkerThread.java:188) ~[?:?]
[16:18:56] [ForkJoinPool.commonPool-worker-2/ERROR] (MinecraftTransitRailway) 
java.io.IOException: Server returned HTTP response code: 403 for URL: https://en.wikipedia.org/w/api.php?format=json&action=query&prop=extracts&explaintext&exintro&titles=MTR_Metro_Cammell_EMU_(DC)
	at sun.net.www.protocol.http.HttpURLConnection.getInputStream0(HttpURLConnection.java:2028) ~[?:?]
	at sun.net.www.protocol.http.HttpURLConnection.getInputStream(HttpURLConnection.java:1629) ~[?:?]
	at sun.net.www.protocol.https.HttpsURLConnectionImpl.getInputStream(HttpsURLConnectionImpl.java:223) ~[?:?]
	at org.mtr.mod.Init.openConnectionSafe(Init.java:345) ~[minecraft-transit-railway-FABRIC-4.0.3+1.20.1.jar:?]
	at org.mtr.mod.Init.openConnectionSafeJson(Init.java:356) ~[minecraft-transit-railway-FABRIC-4.0.3+1.20.1.jar:?]
	at org.mtr.mod.screen.VehicleSelectorScreen.lambda$fetchWikipediaArticle$11(VehicleSelectorScreen.java:166) ~[minecraft-transit-railway-FABRIC-4.0.3+1.20.1.jar:?]
	at java.util.concurrent.CompletableFuture$AsyncRun.run(CompletableFuture.java:1804) ~[?:?]
	at java.util.concurrent.CompletableFuture$AsyncRun.exec(CompletableFuture.java:1796) ~[?:?]
	at java.util.concurrent.ForkJoinTask.doExec(ForkJoinTask.java:387) ~[?:?]
	at java.util.concurrent.ForkJoinPool$WorkQueue.topLevelExec(ForkJoinPool.java:1312) ~[?:?]
	at java.util.concurrent.ForkJoinPool.scan(ForkJoinPool.java:1843) ~[?:?]
	at java.util.concurrent.ForkJoinPool.runWorker(ForkJoinPool.java:1808) ~[?:?]
	at java.util.concurrent.ForkJoinWorkerThread.run(ForkJoinWorkerThread.java:188) ~[?:?]
[16:18:57] [ForkJoinPool.commonPool-worker-2/ERROR] (MinecraftTransitRailway) 
java.io.IOException: Server returned HTTP response code: 403 for URL: https://en.wikipedia.org/w/api.php?format=json&action=query&prop=extracts&explaintext&exintro&titles=MTR_Rotem_EMU
	at sun.net.www.protocol.http.HttpURLConnection.getInputStream0(HttpURLConnection.java:2028) ~[?:?]
	at sun.net.www.protocol.http.HttpURLConnection.getInputStream(HttpURLConnection.java:1629) ~[?:?]
	at sun.net.www.protocol.https.HttpsURLConnectionImpl.getInputStream(HttpsURLConnectionImpl.java:223) ~[?:?]
	at org.mtr.mod.Init.openConnectionSafe(Init.java:345) ~[minecraft-transit-railway-FABRIC-4.0.3+1.20.1.jar:?]
	at org.mtr.mod.Init.openConnectionSafeJson(Init.java:356) ~[minecraft-transit-railway-FABRIC-4.0.3+1.20.1.jar:?]
	at org.mtr.mod.screen.VehicleSelectorScreen.lambda$fetchWikipediaArticle$11(VehicleSelectorScreen.java:166) ~[minecraft-transit-railway-FABRIC-4.0.3+1.20.1.jar:?]
	at java.util.concurrent.CompletableFuture$AsyncRun.run(CompletableFuture.java:1804) ~[?:?]
	at java.util.concurrent.CompletableFuture$AsyncRun.exec(CompletableFuture.java:1796) ~[?:?]
	at java.util.concurrent.ForkJoinTask.doExec(ForkJoinTask.java:387) ~[?:?]
	at java.util.concurrent.ForkJoinPool$WorkQueue.topLevelExec(ForkJoinPool.java:1312) ~[?:?]
	at java.util.concurrent.ForkJoinPool.scan(ForkJoinPool.java:1843) ~[?:?]
	at java.util.concurrent.ForkJoinPool.runWorker(ForkJoinPool.java:1808) ~[?:?]
	at java.util.concurrent.ForkJoinWorkerThread.run(ForkJoinWorkerThread.java:188) ~[?:?]
[16:18:57] [ForkJoinPool.commonPool-worker-1/ERROR] (MinecraftTransitRailway) 
java.io.IOException: Server returned HTTP response code: 403 for URL: https://en.wikipedia.org/w/api.php?format=json&action=query&prop=extracts&explaintext&exintro&titles=London_Underground_D78_Stock
	at sun.net.www.protocol.http.HttpURLConnection.getInputStream0(HttpURLConnection.java:2028) ~[?:?]
	at sun.net.www.protocol.http.HttpURLConnection.getInputStream(HttpURLConnection.java:1629) ~[?:?]
	at sun.net.www.protocol.https.HttpsURLConnectionImpl.getInputStream(HttpsURLConnectionImpl.java:223) ~[?:?]
	at org.mtr.mod.Init.openConnectionSafe(Init.java:345) ~[minecraft-transit-railway-FABRIC-4.0.3+1.20.1.jar:?]
	at org.mtr.mod.Init.openConnectionSafeJson(Init.java:356) ~[minecraft-transit-railway-FABRIC-4.0.3+1.20.1.jar:?]
	at org.mtr.mod.screen.VehicleSelectorScreen.lambda$fetchWikipediaArticle$11(VehicleSelectorScreen.java:166) ~[minecraft-transit-railway-FABRIC-4.0.3+1.20.1.jar:?]
	at java.util.concurrent.CompletableFuture$AsyncRun.run(CompletableFuture.java:1804) ~[?:?]
	at java.util.concurrent.CompletableFuture$AsyncRun.exec(CompletableFuture.java:1796) ~[?:?]
	at java.util.concurrent.ForkJoinTask.doExec(ForkJoinTask.java:387) ~[?:?]
	at java.util.concurrent.ForkJoinPool$WorkQueue.topLevelExec(ForkJoinPool.java:1312) ~[?:?]
	at java.util.concurrent.ForkJoinPool.scan(ForkJoinPool.java:1843) ~[?:?]
	at java.util.concurrent.ForkJoinPool.runWorker(ForkJoinPool.java:1808) ~[?:?]
	at java.util.concurrent.ForkJoinWorkerThread.run(ForkJoinWorkerThread.java:188) ~[?:?]
[16:18:58] [ForkJoinPool.commonPool-worker-1/ERROR] (MinecraftTransitRailway) 
java.io.IOException: Server returned HTTP response code: 403 for URL: https://en.wikipedia.org/w/api.php?format=json&action=query&prop=extracts&explaintext&exintro&titles=MTR_CNR_Changchun_EMU
	at sun.net.www.protocol.http.HttpURLConnection.getInputStream0(HttpURLConnection.java:2028) ~[?:?]
	at sun.net.www.protocol.http.HttpURLConnection.getInputStream(HttpURLConnection.java:1629) ~[?:?]
	at sun.net.www.protocol.https.HttpsURLConnectionImpl.getInputStream(HttpsURLConnectionImpl.java:223) ~[?:?]
	at org.mtr.mod.Init.openConnectionSafe(Init.java:345) ~[minecraft-transit-railway-FABRIC-4.0.3+1.20.1.jar:?]
	at org.mtr.mod.Init.openConnectionSafeJson(Init.java:356) ~[minecraft-transit-railway-FABRIC-4.0.3+1.20.1.jar:?]
	at org.mtr.mod.screen.VehicleSelectorScreen.lambda$fetchWikipediaArticle$11(VehicleSelectorScreen.java:166) ~[minecraft-transit-railway-FABRIC-4.0.3+1.20.1.jar:?]
	at java.util.concurrent.CompletableFuture$AsyncRun.run(CompletableFuture.java:1804) ~[?:?]
	at java.util.concurrent.CompletableFuture$AsyncRun.exec(CompletableFuture.java:1796) ~[?:?]
	at java.util.concurrent.ForkJoinTask.doExec(ForkJoinTask.java:387) ~[?:?]
	at java.util.concurrent.ForkJoinPool$WorkQueue.topLevelExec(ForkJoinPool.java:1312) ~[?:?]
	at java.util.concurrent.ForkJoinPool.scan(ForkJoinPool.java:1843) ~[?:?]
	at java.util.concurrent.ForkJoinPool.runWorker(ForkJoinPool.java:1808) ~[?:?]
	at java.util.concurrent.ForkJoinWorkerThread.run(ForkJoinWorkerThread.java:188) ~[?:?]
[16:18:58] [ForkJoinPool.commonPool-worker-1/ERROR] (MinecraftTransitRailway) 
java.io.IOException: Server returned HTTP response code: 403 for URL: https://en.wikipedia.org/w/api.php?format=json&action=query&prop=extracts&explaintext&exintro&titles=MTR_Hyundai_Rotem_EMU
	at sun.net.www.protocol.http.HttpURLConnection.getInputStream0(HttpURLConnection.java:2028) ~[?:?]
	at sun.net.www.protocol.http.HttpURLConnection.getInputStream(HttpURLConnection.java:1629) ~[?:?]
	at sun.net.www.protocol.https.HttpsURLConnectionImpl.getInputStream(HttpsURLConnectionImpl.java:223) ~[?:?]
	at org.mtr.mod.Init.openConnectionSafe(Init.java:345) ~[minecraft-transit-railway-FABRIC-4.0.3+1.20.1.jar:?]
	at org.mtr.mod.Init.openConnectionSafeJson(Init.java:356) ~[minecraft-transit-railway-FABRIC-4.0.3+1.20.1.jar:?]
	at org.mtr.mod.screen.VehicleSelectorScreen.lambda$fetchWikipediaArticle$11(VehicleSelectorScreen.java:166) ~[minecraft-transit-railway-FABRIC-4.0.3+1.20.1.jar:?]
	at java.util.concurrent.CompletableFuture$AsyncRun.run(CompletableFuture.java:1804) ~[?:?]
	at java.util.concurrent.CompletableFuture$AsyncRun.exec(CompletableFuture.java:1796) ~[?:?]
	at java.util.concurrent.ForkJoinTask.doExec(ForkJoinTask.java:387) ~[?:?]
	at java.util.concurrent.ForkJoinPool$WorkQueue.topLevelExec(ForkJoinPool.java:1312) ~[?:?]
	at java.util.concurrent.ForkJoinPool.scan(ForkJoinPool.java:1843) ~[?:?]
	at java.util.concurrent.ForkJoinPool.runWorker(ForkJoinPool.java:1808) ~[?:?]
	at java.util.concurrent.ForkJoinWorkerThread.run(ForkJoinWorkerThread.java:188) ~[?:?]
[16:18:58] [ForkJoinPool.commonPool-worker-2/ERROR] (MinecraftTransitRailway) 
java.io.IOException: Server returned HTTP response code: 403 for URL: https://en.wikipedia.org/w/api.php?format=json&action=query&prop=extracts&explaintext&exintro&titles=MTR_Metro_Cammell_EMU_(AC)
	at sun.net.www.protocol.http.HttpURLConnection.getInputStream0(HttpURLConnection.java:2028) ~[?:?]
	at sun.net.www.protocol.http.HttpURLConnection.getInputStream(HttpURLConnection.java:1629) ~[?:?]
	at sun.net.www.protocol.https.HttpsURLConnectionImpl.getInputStream(HttpsURLConnectionImpl.java:223) ~[?:?]
	at org.mtr.mod.Init.openConnectionSafe(Init.java:345) ~[minecraft-transit-railway-FABRIC-4.0.3+1.20.1.jar:?]
	at org.mtr.mod.Init.openConnectionSafeJson(Init.java:356) ~[minecraft-transit-railway-FABRIC-4.0.3+1.20.1.jar:?]
	at org.mtr.mod.screen.VehicleSelectorScreen.lambda$fetchWikipediaArticle$11(VehicleSelectorScreen.java:166) ~[minecraft-transit-railway-FABRIC-4.0.3+1.20.1.jar:?]
	at java.util.concurrent.CompletableFuture$AsyncRun.run(CompletableFuture.java:1804) ~[?:?]
	at java.util.concurrent.CompletableFuture$AsyncRun.exec(CompletableFuture.java:1796) ~[?:?]
	at java.util.concurrent.ForkJoinTask.doExec(ForkJoinTask.java:387) ~[?:?]
	at java.util.concurrent.ForkJoinPool$WorkQueue.topLevelExec(ForkJoinPool.java:1312) ~[?:?]
	at java.util.concurrent.ForkJoinPool.scan(ForkJoinPool.java:1843) ~[?:?]
	at java.util.concurrent.ForkJoinPool.runWorker(ForkJoinPool.java:1808) ~[?:?]
	at java.util.concurrent.ForkJoinWorkerThread.run(ForkJoinWorkerThread.java:188) ~[?:?]
[16:18:58] [ForkJoinPool.commonPool-worker-1/ERROR] (MinecraftTransitRailway) 
java.io.IOException: Server returned HTTP response code: 403 for URL: https://en.wikipedia.org/w/api.php?format=json&action=query&prop=extracts&explaintext&exintro&titles=R179_(New_York_City_Subway_car)
	at sun.net.www.protocol.http.HttpURLConnection.getInputStream0(HttpURLConnection.java:2028) ~[?:?]
	at sun.net.www.protocol.http.HttpURLConnection.getInputStream(HttpURLConnection.java:1629) ~[?:?]
	at sun.net.www.protocol.https.HttpsURLConnectionImpl.getInputStream(HttpsURLConnectionImpl.java:223) ~[?:?]
	at org.mtr.mod.Init.openConnectionSafe(Init.java:345) ~[minecraft-transit-railway-FABRIC-4.0.3+1.20.1.jar:?]
	at org.mtr.mod.Init.openConnectionSafeJson(Init.java:356) ~[minecraft-transit-railway-FABRIC-4.0.3+1.20.1.jar:?]
	at org.mtr.mod.screen.VehicleSelectorScreen.lambda$fetchWikipediaArticle$11(VehicleSelectorScreen.java:166) ~[minecraft-transit-railway-FABRIC-4.0.3+1.20.1.jar:?]
	at java.util.concurrent.CompletableFuture$AsyncRun.run(CompletableFuture.java:1804) ~[?:?]
	at java.util.concurrent.CompletableFuture$AsyncRun.exec(CompletableFuture.java:1796) ~[?:?]
	at java.util.concurrent.ForkJoinTask.doExec(ForkJoinTask.java:387) ~[?:?]
	at java.util.concurrent.ForkJoinPool$WorkQueue.topLevelExec(ForkJoinPool.java:1312) ~[?:?]
	at java.util.concurrent.ForkJoinPool.scan(ForkJoinPool.java:1843) ~[?:?]
	at java.util.concurrent.ForkJoinPool.runWorker(ForkJoinPool.java:1808) ~[?:?]
	at java.util.concurrent.ForkJoinWorkerThread.run(ForkJoinWorkerThread.java:188) ~[?:?]
[16:18:59] [ForkJoinPool.commonPool-worker-1/ERROR] (MinecraftTransitRailway) 
java.io.IOException: Server returned HTTP response code: 403 for URL: https://en.wikipedia.org/w/api.php?format=json&action=query&prop=extracts&explaintext&exintro&titles=R211_(New_York_City_Subway_car)
	at sun.net.www.protocol.http.HttpURLConnection.getInputStream0(HttpURLConnection.java:2028) ~[?:?]
	at sun.net.www.protocol.http.HttpURLConnection.getInputStream(HttpURLConnection.java:1629) ~[?:?]
	at sun.net.www.protocol.https.HttpsURLConnectionImpl.getInputStream(HttpsURLConnectionImpl.java:223) ~[?:?]
	at org.mtr.mod.Init.openConnectionSafe(Init.java:345) ~[minecraft-transit-railway-FABRIC-4.0.3+1.20.1.jar:?]
	at org.mtr.mod.Init.openConnectionSafeJson(Init.java:356) ~[minecraft-transit-railway-FABRIC-4.0.3+1.20.1.jar:?]
	at org.mtr.mod.screen.VehicleSelectorScreen.lambda$fetchWikipediaArticle$11(VehicleSelectorScreen.java:166) ~[minecraft-transit-railway-FABRIC-4.0.3+1.20.1.jar:?]
	at java.util.concurrent.CompletableFuture$AsyncRun.run(CompletableFuture.java:1804) ~[?:?]
	at java.util.concurrent.CompletableFuture$AsyncRun.exec(CompletableFuture.java:1796) ~[?:?]
	at java.util.concurrent.ForkJoinTask.doExec(ForkJoinTask.java:387) ~[?:?]
	at java.util.concurrent.ForkJoinPool$WorkQueue.topLevelExec(ForkJoinPool.java:1312) ~[?:?]
	at java.util.concurrent.ForkJoinPool.scan(ForkJoinPool.java:1843) ~[?:?]
	at java.util.concurrent.ForkJoinPool.runWorker(ForkJoinPool.java:1808) ~[?:?]
	at java.util.concurrent.ForkJoinWorkerThread.run(ForkJoinWorkerThread.java:188) ~[?:?]
[16:19:12] [Server thread/INFO] (TransportSimulationCore) - Changed sidings: 1
[16:19:12] [Server thread/INFO] (TransportSimulationCore) - Changed rails: 1
[16:19:12] [Server thread/INFO] (TransportSimulationCore) Save complete for minecraft/overworld in 0.012 second(s)
[16:19:16] [Server thread/INFO] (TransportSimulationCore) Starting path generation for aaa...
[16:19:16] [Server thread/INFO] (TransportSimulationCore) Path generation complete for aaa
[16:19:17] [Server thread/INFO] (TransportSimulationCore) [MAGIC] Rerouting siding 1210783530535201294 from platform 4193992466888640201 to -7479743569372641683
[16:19:17] [Server thread/INFO] (TransportSimulationCore) [MAGIC] Rerouting siding 1210783530535201294 from platform 4193992466888640201 to -6539133117606327864
[16:19:17] [Server thread/INFO] (TransportSimulationCore) [MAGIC] No alternative platform found for siding 1210783530535201294 (primary 4193992466888640201, primaryScore 10002, primarySignalBlocked true, primaryClearanceBlocked false, candidates [4193992466888640201, -7479743569372641683, -6539133117606327864], stats {deployingReserved 2, worseThanPrimary 0, missingPlatform 0, pathFail 0, signalBlocked 0, clearanceBlocked 0, approachOccupied 0})
[16:19:17] [Server thread/INFO] (TransportSimulationCore) [MAGIC] No alternative platform found for siding 1210783530535201294 (primary 4193992466888640201, primaryScore 10003, primarySignalBlocked true, primaryClearanceBlocked false, candidates [4193992466888640201, -7479743569372641683, -6539133117606327864], stats {deployingReserved 2, worseThanPrimary 0, missingPlatform 0, pathFail 0, signalBlocked 0, clearanceBlocked 0, approachOccupied 0})
[16:19:42] [Server thread/INFO] (TransportSimulationCore) - Changed sidings: 1
[16:19:42] [Server thread/INFO] (TransportSimulationCore) - Changed depots: 1
[16:19:42] [Server thread/INFO] (TransportSimulationCore) Save complete for minecraft/overworld in 0.014 second(s)
[16:19:52] [Server thread/INFO] (Minecraft) [Player856: Set own game mode to Spectator Mode]
[16:19:52] [Render thread/INFO] (Minecraft) [System] [CHAT] Set own game mode to Spectator Mode
[16:20:00] [Server thread/INFO] (Minecraft) [Player856: Set own game mode to Creative Mode]
[16:20:00] [Render thread/INFO] (Minecraft) [System] [CHAT] Set own game mode to Creative Mode
[16:20:06] [Server thread/INFO] (TransportSimulationCore) [MAGIC] Rerouting siding 1210783530535201294 from platform 4193992466888640201 to -7479743569372641683
[16:20:06] [Server thread/INFO] (TransportSimulationCore) [MAGIC] Rerouting siding 1210783530535201294 from platform 4193992466888640201 to -6539133117606327864
[16:20:06] [Server thread/INFO] (TransportSimulationCore) [MAGIC] No alternative platform found for siding 1210783530535201294 (primary 4193992466888640201, primaryScore 10002, primarySignalBlocked true, primaryClearanceBlocked false, candidates [4193992466888640201, -6539133117606327864, -7479743569372641683], stats {deployingReserved 2, worseThanPrimary 0, missingPlatform 0, pathFail 0, signalBlocked 0, clearanceBlocked 0, approachOccupied 0})
[16:20:06] [Server thread/INFO] (TransportSimulationCore) [MAGIC] No alternative platform found for siding 1210783530535201294 (primary 4193992466888640201, primaryScore 10003, primarySignalBlocked true, primaryClearanceBlocked false, candidates [4193992466888640201, -6539133117606327864, -7479743569372641683], stats {deployingReserved 2, worseThanPrimary 0, missingPlatform 0, pathFail 0, signalBlocked 0, clearanceBlocked 0, approachOccupied 0})
[16:20:08] [Server thread/INFO] (TransportSimulationCore) Starting path generation for aaa...
[16:20:08] [Server thread/INFO] (TransportSimulationCore) Path generation complete for aaa
[16:20:12] [Server thread/INFO] (TransportSimulationCore) - Changed depots: 1
[16:20:12] [Server thread/INFO] (TransportSimulationCore) Save complete for minecraft/overworld in 0.004 second(s)
[16:20:43] [Server thread/INFO] (TransportSimulationCore) [MAGIC] Rerouting siding 1210783530535201294 from platform 4193992466888640201 to -6539133117606327864
[16:21:00] [Server thread/INFO] (TransportSimulationCore) [MAGIC] Rerouting siding 1210783530535201294 from platform 4193992466888640201 to -7479743569372641683
[16:22:00] [Render thread/WARN] (Minecraft) Failed to load texture: minecraft:
java.nio.file.FileSystemException: /assets/minecraft: is a directory
	at jdk.nio.zipfs.ZipFileSystem.newInputStream(ZipFileSystem.java:863) ~[jdk.zipfs:?]
	at jdk.nio.zipfs.ZipPath.newInputStream(ZipPath.java:751) ~[jdk.zipfs:?]
	at jdk.nio.zipfs.ZipFileSystemProvider.newInputStream(ZipFileSystemProvider.java:270) ~[jdk.zipfs:?]
	at java.nio.file.Files.newInputStream(Files.java:160) ~[?:?]
	at net.minecraft.resource.InputSupplier.method_45301(InputSupplier.java:13) ~[minecraft-merged-aef3d747c9-1.20.1-net.fabricmc.yarn.1_20_1.1.20.1+build.10-v2.jar:?]
	at net.minecraft.resource.Resource.getInputStream(Resource.java:46) ~[minecraft-merged-aef3d747c9-1.20.1-net.fabricmc.yarn.1_20_1.1.20.1+build.10-v2.jar:?]
	at net.minecraft.client.texture.ResourceTexture$TextureData.load(ResourceTexture.java:86) ~[minecraft-merged-aef3d747c9-1.20.1-net.fabricmc.yarn.1_20_1.1.20.1+build.10-v2.jar:?]
	at net.minecraft.client.texture.ResourceTexture.loadTextureData(ResourceTexture.java:58) ~[minecraft-merged-aef3d747c9-1.20.1-net.fabricmc.yarn.1_20_1.1.20.1+build.10-v2.jar:?]
	at net.minecraft.client.texture.ResourceTexture.load(ResourceTexture.java:29) ~[minecraft-merged-aef3d747c9-1.20.1-net.fabricmc.yarn.1_20_1.1.20.1+build.10-v2.jar:?]
	at net.minecraft.client.texture.TextureManager.loadTexture(TextureManager.java:97) ~[minecraft-merged-aef3d747c9-1.20.1-net.fabricmc.yarn.1_20_1.1.20.1+build.10-v2.jar:?]
	at net.minecraft.client.texture.TextureManager.registerTexture(TextureManager.java:69) ~[minecraft-merged-aef3d747c9-1.20.1-net.fabricmc.yarn.1_20_1.1.20.1+build.10-v2.jar:?]
	at net.minecraft.client.texture.TextureManager.getTexture(TextureManager.java:119) ~[minecraft-merged-aef3d747c9-1.20.1-net.fabricmc.yarn.1_20_1.1.20.1+build.10-v2.jar:?]
	at net.minecraft.client.render.RenderPhase$Texture.method_23563(RenderPhase.java:243) ~[minecraft-merged-aef3d747c9-1.20.1-net.fabricmc.yarn.1_20_1.1.20.1+build.10-v2.jar:?]
	at net.minecraft.client.render.RenderPhase.startDrawing(RenderPhase.java:37) ~[minecraft-merged-aef3d747c9-1.20.1-net.fabricmc.yarn.1_20_1.1.20.1+build.10-v2.jar:?]
	at com.google.common.collect.ImmutableList.forEach(ImmutableList.java:422) ~[guava-31.1-jre.jar:?]
	at net.minecraft.client.render.RenderLayer$MultiPhase.method_23595(RenderLayer.java:1079) ~[minecraft-merged-aef3d747c9-1.20.1-net.fabricmc.yarn.1_20_1.1.20.1+build.10-v2.jar:?]
	at net.minecraft.client.render.RenderPhase.startDrawing(RenderPhase.java:37) ~[minecraft-merged-aef3d747c9-1.20.1-net.fabricmc.yarn.1_20_1.1.20.1+build.10-v2.jar:?]
	at net.minecraft.client.render.RenderLayer.draw(RenderLayer.java:864) ~[minecraft-merged-aef3d747c9-1.20.1-net.fabricmc.yarn.1_20_1.1.20.1+build.10-v2.jar:?]
	at net.minecraft.client.render.VertexConsumerProvider$Immediate.draw(VertexConsumerProvider.java:97) ~[minecraft-merged-aef3d747c9-1.20.1-net.fabricmc.yarn.1_20_1.1.20.1+build.10-v2.jar:?]
	at net.minecraft.client.render.VertexConsumerProvider$Immediate.getBuffer(VertexConsumerProvider.java:46) ~[minecraft-merged-aef3d747c9-1.20.1-net.fabricmc.yarn.1_20_1.1.20.1+build.10-v2.jar:?]
	at net.minecraft.client.render.entity.LivingEntityRenderer.render(LivingEntityRenderer.java:138) ~[minecraft-merged-aef3d747c9-1.20.1-net.fabricmc.yarn.1_20_1.1.20.1+build.10-v2.jar:?]
	at net.minecraft.client.render.entity.PlayerEntityRenderer.render(PlayerEntityRenderer.java:66) ~[minecraft-merged-aef3d747c9-1.20.1-net.fabricmc.yarn.1_20_1.1.20.1+build.10-v2.jar:?]
	at net.minecraft.client.render.entity.PlayerEntityRenderer.render(PlayerEntityRenderer.java:43) ~[minecraft-merged-aef3d747c9-1.20.1-net.fabricmc.yarn.1_20_1.1.20.1+build.10-v2.jar:?]
	at net.minecraft.client.render.entity.EntityRenderDispatcher.render(EntityRenderDispatcher.java:145) ~[minecraft-merged-aef3d747c9-1.20.1-net.fabricmc.yarn.1_20_1.1.20.1+build.10-v2.jar:?]
	at org.mtr.mapping.mapper.GraphicsHolder.renderEntity(GraphicsHolder.java:277) ~[minecraft-transit-railway-FABRIC-4.0.3+1.20.1.jar:?]
	at org.mtr.mod.render.RenderVehicles.lambda$renderPlayer$22(RenderVehicles.java:492) ~[minecraft-transit-railway-FABRIC-4.0.3+1.20.1.jar:?]
	at org.mtr.mod.render.MainRenderer.lambda$render$2(MainRenderer.java:161) ~[minecraft-transit-railway-FABRIC-4.0.3+1.20.1.jar:?]
	at org.mtr.libraries.it.unimi.dsi.fastutil.objects.ObjectArrayList.forEach(ObjectArrayList.java:749) ~[minecraft-transit-railway-FABRIC-4.0.3+1.20.1.jar:?]
	at org.mtr.mod.render.MainRenderer.lambda$render$3(MainRenderer.java:161) ~[minecraft-transit-railway-FABRIC-4.0.3+1.20.1.jar:?]
	at org.mtr.libraries.it.unimi.dsi.fastutil.objects.Object2ObjectMap.lambda$forEach$0(Object2ObjectMap.java:209) ~[minecraft-transit-railway-FABRIC-4.0.3+1.20.1.jar:?]
	at org.mtr.libraries.it.unimi.dsi.fastutil.objects.Object2ObjectArrayMap$EntrySet.fastForEach(Object2ObjectArrayMap.java:268) ~[minecraft-transit-railway-FABRIC-4.0.3+1.20.1.jar:?]
	at org.mtr.libraries.it.unimi.dsi.fastutil.objects.Object2ObjectMap.forEach(Object2ObjectMap.java:211) ~[minecraft-transit-railway-FABRIC-4.0.3+1.20.1.jar:?]
	at org.mtr.mod.render.MainRenderer.render(MainRenderer.java:127) ~[minecraft-transit-railway-FABRIC-4.0.3+1.20.1.jar:?]
	at org.mtr.mod.render.MainRenderer.render(MainRenderer.java:62) ~[minecraft-transit-railway-FABRIC-4.0.3+1.20.1.jar:?]
	at org.mtr.mod.render.MainRenderer.render(MainRenderer.java:28) ~[minecraft-transit-railway-FABRIC-4.0.3+1.20.1.jar:?]
	at org.mtr.mapping.mapper.EntityRenderer.lambda$render$0(EntityRenderer.java:20) ~[minecraft-transit-railway-FABRIC-4.0.3+1.20.1.jar:?]
	at org.mtr.mapping.mapper.GraphicsHolder.createInstanceSafe(GraphicsHolder.java:50) ~[minecraft-transit-railway-FABRIC-4.0.3+1.20.1.jar:?]
	at org.mtr.mapping.mapper.GraphicsHolder.createInstanceSafe(GraphicsHolder.java:40) ~[minecraft-transit-railway-FABRIC-4.0.3+1.20.1.jar:?]
	at org.mtr.mapping.mapper.EntityRenderer.render(EntityRenderer.java:20) ~[minecraft-transit-railway-FABRIC-4.0.3+1.20.1.jar:?]
	at org.mtr.mapping.mapper.EntityRenderer.render(EntityRenderer.java:10) ~[minecraft-transit-railway-FABRIC-4.0.3+1.20.1.jar:?]
	at net.minecraft.client.render.entity.EntityRenderDispatcher.render(EntityRenderDispatcher.java:145) ~[minecraft-merged-aef3d747c9-1.20.1-net.fabricmc.yarn.1_20_1.1.20.1+build.10-v2.jar:?]
	at net.minecraft.client.render.WorldRenderer.renderEntity(WorldRenderer.java:1574) ~[minecraft-merged-aef3d747c9-1.20.1-net.fabricmc.yarn.1_20_1.1.20.1+build.10-v2.jar:?]
	at net.minecraft.client.render.WorldRenderer.render(WorldRenderer.java:1324) ~[minecraft-merged-aef3d747c9-1.20.1-net.fabricmc.yarn.1_20_1.1.20.1+build.10-v2.jar:?]
	at net.minecraft.client.render.GameRenderer.renderWorld(GameRenderer.java:1110) ~[minecraft-merged-aef3d747c9-1.20.1-net.fabricmc.yarn.1_20_1.1.20.1+build.10-v2.jar:?]
	at net.minecraft.client.render.GameRenderer.render(GameRenderer.java:880) ~[minecraft-merged-aef3d747c9-1.20.1-net.fabricmc.yarn.1_20_1.1.20.1+build.10-v2.jar:?]
	at net.minecraft.client.MinecraftClient.render(MinecraftClient.java:1219) ~[minecraft-merged-aef3d747c9-1.20.1-net.fabricmc.yarn.1_20_1.1.20.1+build.10-v2.jar:?]
	at net.minecraft.client.MinecraftClient.run(MinecraftClient.java:802) ~[minecraft-merged-aef3d747c9-1.20.1-net.fabricmc.yarn.1_20_1.1.20.1+build.10-v2.jar:?]
	at net.minecraft.client.main.Main.main(Main.java:250) ~[minecraft-merged-aef3d747c9-1.20.1-net.fabricmc.yarn.1_20_1.1.20.1+build.10-v2.jar:?]
	at net.fabricmc.loader.impl.game.minecraft.MinecraftGameProvider.launch(MinecraftGameProvider.java:514) ~[fabric-loader-0.19.0.jar:?]
	at net.fabricmc.loader.impl.launch.knot.Knot.launch(Knot.java:72) ~[fabric-loader-0.19.0.jar:?]
	at net.fabricmc.loader.impl.launch.knot.KnotClient.main(KnotClient.java:23) ~[fabric-loader-0.19.0.jar:?]
	at net.fabricmc.devlaunchinjector.Main.main(Main.java:86) ~[dev-launch-injector-0.2.1+build.8.jar:?]
[16:22:07] [Server thread/INFO] (TransportSimulationCore) [MAGIC] Rerouting siding 1210783530535201294 from platform 4193992466888640201 to -6539133117606327864
[16:23:04] [Render thread/INFO] (Minecraft) [System] [CHAT] Next station: Sheyfock upon Nowerth.
[16:23:07] [Server thread/INFO] (Minecraft) Saving and pausing game...
[16:23:07] [Server thread/INFO] (Minecraft) Saving chunks for level 'ServerLevel[New World]'/minecraft:overworld
[16:23:07] [Server thread/INFO] (Minecraft) Saving chunks for level 'ServerLevel[New World]'/minecraft:the_end
[16:23:07] [Server thread/INFO] (Minecraft) Saving chunks for level 'ServerLevel[New World]'/minecraft:the_nether
[16:47:31] [Server thread/INFO] (Minecraft) Saving and pausing game...
[16:47:31] [Server thread/INFO] (Minecraft) Saving chunks for level 'ServerLevel[New World]'/minecraft:overworld
[16:47:31] [Server thread/INFO] (Minecraft) Saving chunks for level 'ServerLevel[New World]'/minecraft:the_end
[16:47:31] [Server thread/INFO] (Minecraft) Saving chunks for level 'ServerLevel[New World]'/minecraft:the_nether
[16:47:32] [Server thread/INFO] (Minecraft) Player856 lost connection: Disconnected
[16:47:32] [Server thread/INFO] (Minecraft) Player856 left the game
[16:47:32] [Server thread/INFO] (Minecraft) Stopping singleplayer server as player logged out
[16:47:33] [Server thread/INFO] (BlueMap) BlueMap unloaded!
[16:47:33] [Server thread/INFO] (TransportSimulationCore) Stopping...
[16:47:33] [Server thread/INFO] (AbstractConnector) Stopped ServerConnector@6cc10a7b{HTTP/1.1, (http/1.1)}{0.0.0.0:8888}
[16:47:33] [Server thread/INFO] (ContextHandler) Stopped o.m.l.o.e.j.s.ServletContextHandler@131f6c8d{/,null,STOPPED}
[16:47:33] [Server thread/INFO] (TransportSimulationCore) Starting full save...
[16:47:33] [Server thread/INFO] (TransportSimulationCore) - Changed sidings: 3
[16:47:33] [Server thread/INFO] (TransportSimulationCore) - Changed depots: 3
[16:47:33] [Server thread/INFO] (TransportSimulationCore) Save complete for minecraft/overworld in 0.009 second(s)
[16:47:33] [Server thread/INFO] (TransportSimulationCore) - Changed settings: 1
[16:47:33] [Server thread/INFO] (TransportSimulationCore) Save complete for minecraft/the_end in 0.0 second(s)
[16:47:33] [Server thread/INFO] (TransportSimulationCore) - Changed settings: 1
[16:47:33] [Server thread/INFO] (TransportSimulationCore) Save complete for minecraft/the_nether in 0.0 second(s)
[16:47:33] [Server thread/INFO] (TransportSimulationCore) - Changed settings: 1
[16:47:33] [Server thread/INFO] (TransportSimulationCore) Stopped
[16:47:33] [Server thread/INFO] (Minecraft) Stopping server
[16:47:33] [Server thread/INFO] (Minecraft) Saving players
[16:47:33] [Server thread/INFO] (Minecraft) Saving worlds
[16:47:34] [Server thread/INFO] (Minecraft) Saving chunks for level 'ServerLevel[New World]'/minecraft:overworld
[16:47:35] [Server thread/INFO] (Minecraft) Saving chunks for level 'ServerLevel[New World]'/minecraft:the_end
[16:47:35] [Server thread/INFO] (Minecraft) Saving chunks for level 'ServerLevel[New World]'/minecraft:the_nether
[16:47:35] [Server thread/INFO] (Minecraft) ThreadedAnvilChunkStorage (New World): All chunks are saved
[16:47:35] [Server thread/INFO] (Minecraft) ThreadedAnvilChunkStorage (DIM1): All chunks are saved
[16:47:35] [Server thread/INFO] (Minecraft) ThreadedAnvilChunkStorage (DIM-1): All chunks are saved
[16:47:35] [Server thread/INFO] (Minecraft) ThreadedAnvilChunkStorage: All dimensions are saved
[16:48:02] [MAGIC-BlueMap-Rails/WARN] (TransportSimulationCore) [jme] Timed out building BlueMap rail data for minecraft/the_nether
java.util.concurrent.TimeoutException: null
	at java.util.concurrent.CompletableFuture.timedGet(CompletableFuture.java:1960) ~[?:?]
	at java.util.concurrent.CompletableFuture.get(CompletableFuture.java:2095) ~[?:?]
	at org.justnoone.jme.bluemap.BlueMapRailIntegration.buildDimensionData(BlueMapRailIntegration.java:260) ~[main/:?]
	at org.justnoone.jme.bluemap.BlueMapRailIntegration.lambda$scheduleRefresh$7(BlueMapRailIntegration.java:200) ~[main/:?]
	at java.util.concurrent.Executors$RunnableAdapter.call(Executors.java:572) ~[?:?]
	at java.util.concurrent.FutureTask.run(FutureTask.java:317) ~[?:?]
	at java.util.concurrent.ThreadPoolExecutor.runWorker(ThreadPoolExecutor.java:1144) ~[?:?]
	at java.util.concurrent.ThreadPoolExecutor$Worker.run(ThreadPoolExecutor.java:642) ~[?:?]
	at java.lang.Thread.run(Thread.java:1583) ~[?:?]
