[2026-05-15 21:58:44][INFO] Loading resources...
[2026-05-15 21:58:44][FINE] Loading resources from: mods/BlueMap-5.3-fabric-1.20.jar ...
[2026-05-15 21:58:44][FINE] Loading resources from: mods/modmenu-7.2.2.jar ...
[2026-05-15 21:58:44][FINE] Loading resources from: mods/cloth-config-11.1.136-fabric.jar ...
[2026-05-15 21:58:44][FINE] Loading resources from: bluemap/resourceExtensions.zip ...
[2026-05-15 21:58:44][FINE] Loading resources from: bluemap/minecraft-client-1.20.1.jar ...
[2026-05-15 21:58:44][INFO] Loading textures...
[2026-05-15 21:58:44][FINE] Loading textures from: mods/BlueMap-5.3-fabric-1.20.jar ...
[2026-05-15 21:58:44][FINE] Loading textures from: mods/modmenu-7.2.2.jar ...
[2026-05-15 21:58:44][FINE] Loading textures from: mods/cloth-config-11.1.136-fabric.jar ...
[2026-05-15 21:58:44][FINE] Loading textures from: bluemap/resourceExtensions.zip ...
[2026-05-15 21:58:44][FINE] Loading textures from: bluemap/minecraft-client-1.20.1.jar ...
[2026-05-15 21:58:45][INFO] Baking resources...
[2026-05-15 21:58:45][INFO] Resources loaded.
[2026-05-15 21:58:45][FINE] Loading world saves/New World#minecraft:the_nether ...
[2026-05-15 21:58:45][FINE] Loading datapack...
[2026-05-15 21:58:45][FINE] Loading datapack from: mods/BlueMap-5.3-fabric-1.20.jar ...
[2026-05-15 21:58:45][FINE] Loading datapack from: mods/modmenu-7.2.2.jar ...
[2026-05-15 21:58:45][FINE] Loading datapack from: mods/cloth-config-11.1.136-fabric.jar ...
[2026-05-15 21:58:45][FINE] Loading datapack from: bluemap/resourceExtensions.zip ...
[2026-05-15 21:58:45][FINE] Loading datapack from: bluemap/minecraft-client-1.20.1.jar ...
[2026-05-15 21:58:45][FINE] Baking datapack...
[2026-05-15 21:58:45][FINE] Datapack loaded.
[2026-05-15 21:58:46][INFO] Initializing Storage: 'file' (Type: 'bluemap:file')
[2026-05-15 21:58:46][INFO] Loading map 'new_world_the_nether'...
[2026-05-15 21:58:46][FINE] Loading render-state for map 'new_world_the_nether'
[2026-05-15 21:58:46][FINE] Loading textures for map 'new_world_the_nether'
[2026-05-15 21:58:46][FINE] Loading world saves/New World#minecraft:overworld ...
[2026-05-15 21:58:46][FINE] Loading datapack...
[2026-05-15 21:58:46][FINE] Loading datapack from: mods/BlueMap-5.3-fabric-1.20.jar ...
[2026-05-15 21:58:46][FINE] Loading datapack from: mods/modmenu-7.2.2.jar ...
[2026-05-15 21:58:46][FINE] Loading datapack from: mods/cloth-config-11.1.136-fabric.jar ...
[2026-05-15 21:58:46][FINE] Loading datapack from: bluemap/resourceExtensions.zip ...
[2026-05-15 21:58:46][FINE] Loading datapack from: bluemap/minecraft-client-1.20.1.jar ...
[2026-05-15 21:58:46][FINE] Baking datapack...
[2026-05-15 21:58:46][FINE] Datapack loaded.
[2026-05-15 21:58:46][INFO] Loading map 'new_world'...
[2026-05-15 21:58:46][FINE] Loading render-state for map 'new_world'
[2026-05-15 21:58:46][FINE] Loading textures for map 'new_world'
[2026-05-15 21:58:46][FINE] Loading world saves/New World#minecraft:the_end ...
[2026-05-15 21:58:46][FINE] Loading datapack...
[2026-05-15 21:58:46][FINE] Loading datapack from: mods/BlueMap-5.3-fabric-1.20.jar ...
[2026-05-15 21:58:46][FINE] Loading datapack from: mods/modmenu-7.2.2.jar ...
[2026-05-15 21:58:46][FINE] Loading datapack from: mods/cloth-config-11.1.136-fabric.jar ...
[2026-05-15 21:58:46][FINE] Loading datapack from: bluemap/resourceExtensions.zip ...
[2026-05-15 21:58:46][FINE] Loading datapack from: bluemap/minecraft-client-1.20.1.jar ...
[2026-05-15 21:58:46][FINE] Baking datapack...
[2026-05-15 21:58:46][FINE] Datapack loaded.
[2026-05-15 21:58:46][INFO] Loading map 'new_world_the_end'...
[2026-05-15 21:58:46][FINE] Loading render-state for map 'new_world_the_end'
[2026-05-15 21:58:46][FINE] Loading textures for map 'new_world_the_end'
[2026-05-15 21:58:46][INFO] WebServer bound to all network interfaces on port 8100
[2026-05-15 21:58:46][INFO] WebServer started.
[2026-05-15 21:58:46][FINE] Started watching map 'new_world_the_nether' for updates...
[2026-05-15 21:58:46][FINE] Started watching map 'new_world' for updates...
[2026-05-15 21:58:46][FINE] Started watching map 'new_world_the_end' for updates...
[2026-05-15 21:58:46][INFO] BlueMap loaded!
[2026-05-15 21:58:52][FINE] Scheduled update for region-file: (-1, -1) (Map: new_world)
[2026-05-15 21:58:52][FINE] Scheduled update for region-file: (-1, 0) (Map: new_world)
[2026-05-15 21:58:52][FINE] Scheduled update for region-file: (0, -1) (Map: new_world)
[2026-05-15 21:58:52][FINE] Scheduled update for region-file: (0, 0) (Map: new_world)
[2026-05-15 21:59:01][FINE] Scheduled update for region-file: (0, 0) (Map: new_world)
[2026-05-15 21:59:09][FINE] Scheduled update for region-file: (-2, 0) (Map: new_world)
[2026-05-15 21:59:11][FINE] Scheduled update for region-file: (0, 0) (Map: new_world)
[2026-05-15 21:59:12][FINE] Scheduled update for region-file: (-1, 0) (Map: new_world)
[2026-05-15 21:59:12][FINE] Scheduled update for region-file: (-3, 0) (Map: new_world)
[2026-05-15 21:59:12][FINE] Scheduled update for region-file: (-2, -1) (Map: new_world)
[2026-05-15 21:59:12][FINE] Scheduled update for region-file: (-2, 1) (Map: new_world)
[2026-05-15 21:59:12][FINE] Scheduled update for region-file: (-3, -1) (Map: new_world)
[2026-05-15 21:59:12][FINE] Scheduled update for region-file: (-1, 1) (Map: new_world)
[2026-05-15 21:59:12][FINE] Scheduled update for region-file: (-3, 1) (Map: new_world)
[2026-05-15 21:59:13][FINE] Scheduled update for region-file: (-1, -1) (Map: new_world)
[2026-05-15 21:59:18][FINE] Scheduled update for region-file: (-3, -1) (Map: new_world)
[2026-05-15 21:59:18][FINE] Scheduled update for region-file: (-2, -1) (Map: new_world)
[2026-05-15 21:59:18][FINE] Scheduled update for region-file: (-1, 1) (Map: new_world)
[2026-05-15 21:59:19][FINE] Scheduled update for region-file: (-1, 0) (Map: new_world)
[2026-05-15 21:59:19][FINE] Scheduled update for region-file: (-1, -1) (Map: new_world)
[2026-05-15 21:59:19][FINE] Scheduled update for region-file: (-2, 0) (Map: new_world)
[2026-05-15 21:59:27][FINE] Scheduled update for region-file: (-1, -1) (Map: new_world)
[2026-05-15 21:59:27][FINE] Scheduled update for region-file: (-1, 0) (Map: new_world)
[2026-05-15 21:59:29][FINE] Scheduled update for region-file: (-1, 1) (Map: new_world)
[2026-05-15 21:59:29][FINE] Scheduled update for region-file: (-3, 1) (Map: new_world)
[2026-05-15 21:59:29][FINE] Scheduled update for region-file: (-3, -2) (Map: new_world)
[2026-05-15 21:59:33][FINE] Scheduled update for region-file: (-1, 0) (Map: new_world)
[2026-05-15 21:59:34][FINE] Scheduled update for region-file: (-2, 1) (Map: new_world)
[2026-05-15 21:59:35][FINE] Scheduled update for region-file: (-1, -1) (Map: new_world)
[2026-05-15 21:59:35][FINE] Scheduled update for region-file: (-2, -2) (Map: new_world)
[2026-05-15 21:59:35][FINE] Scheduled update for region-file: (-1, -2) (Map: new_world)
[2026-05-15 21:59:35][FINE] Scheduled update for region-file: (0, -2) (Map: new_world)
[2026-05-15 21:59:35][FINE] Scheduled update for region-file: (0, -1) (Map: new_world)
[2026-05-15 21:59:36][FINE] Scheduled update for region-file: (0, 1) (Map: new_world)
[2026-05-15 21:59:46][FINE] Scheduled update for region-file: (-1, -1) (Map: new_world)
[2026-05-15 21:59:47][FINE] Scheduled update for region-file: (0, -2) (Map: new_world)
[2026-05-15 21:59:47][FINE] Scheduled update for region-file: (0, 1) (Map: new_world)
[2026-05-15 21:59:47][FINE] Scheduled update for region-file: (-1, 0) (Map: new_world)
[2026-05-15 21:59:50][FINE] Scheduled update for region-file: (0, 0) (Map: new_world)
[2026-05-15 21:59:51][FINE] Scheduled update for region-file: (1, -2) (Map: new_world)
[2026-05-15 21:59:55][FINE] Scheduled update for region-file: (-1, -1) (Map: new_world)
[2026-05-15 22:00:01][FINE] Scheduled update for region-file: (-2, 0) (Map: new_world)
[2026-05-15 22:00:01][FINE] Scheduled update for region-file: (-2, 1) (Map: new_world)
[2026-05-15 22:00:01][FINE] Scheduled update for region-file: (-2, -1) (Map: new_world)
[2026-05-15 22:00:01][FINE] Scheduled update for region-file: (0, 0) (Map: new_world)
[2026-05-15 22:00:02][FINE] Scheduled update for region-file: (0, -2) (Map: new_world)
[2026-05-15 22:00:05][FINE] Scheduled update for region-file: (-1, -1) (Map: new_world)
[2026-05-15 22:00:07][FINE] Scheduled update for region-file: (-2, 0) (Map: new_world)
[2026-05-15 22:00:09][FINE] Scheduled update for region-file: (-3, -1) (Map: new_world)
[2026-05-15 22:00:09][FINE] Scheduled update for region-file: (-3, 0) (Map: new_world)
[2026-05-15 22:00:09][FINE] Scheduled update for region-file: (-3, 1) (Map: new_world)
[2026-05-15 22:00:11][FINE] Scheduled update for region-file: (0, 0) (Map: new_world)
[2026-05-15 22:00:15][FINE] Scheduled update for region-file: (-1, -1) (Map: new_world)
[2026-05-15 22:00:21][FINE] Scheduled update for region-file: (0, 0) (Map: new_world)
[2026-05-15 22:00:31][FINE] Scheduled update for region-file: (0, 0) (Map: new_world)
[2026-05-15 22:00:32][FINE] Scheduled update for region-file: (-1, -1) (Map: new_world)
[2026-05-15 22:00:36][FINE] Scheduled update for region-file: (-3, 0) (Map: new_world)
[2026-05-15 22:00:37][FINE] Scheduled update for region-file: (-3, -1) (Map: new_world)
[2026-05-15 22:00:41][FINE] Scheduled update for region-file: (-4, 1) (Map: new_world)
[2026-05-15 22:00:41][FINE] Scheduled update for region-file: (-3, 1) (Map: new_world)
[2026-05-15 22:00:41][FINE] Scheduled update for region-file: (-2, 1) (Map: new_world)
[2026-05-15 22:00:41][FINE] Scheduled update for region-file: (0, 0) (Map: new_world)
[2026-05-15 22:00:41][FINE] Scheduled update for region-file: (-2, -2) (Map: new_world)
[2026-05-15 22:00:41][FINE] Scheduled update for region-file: (-3, -2) (Map: new_world)
[2026-05-15 22:00:43][FINE] Scheduled update for region-file: (-1, -1) (Map: new_world)
[2026-05-15 22:00:44][FINE] Scheduled update for region-file: (-2, 0) (Map: new_world)
[2026-05-15 22:00:47][FINE] Scheduled update for region-file: (-1, -2) (Map: new_world)
[2026-05-15 22:00:47][FINE] Scheduled update for region-file: (-4, 0) (Map: new_world)
[2026-05-15 22:00:47][FINE] Scheduled update for region-file: (-4, -2) (Map: new_world)
[2026-05-15 22:00:47][FINE] Scheduled update for region-file: (-1, 0) (Map: new_world)
[2026-05-15 22:00:47][FINE] Scheduled update for region-file: (-4, -1) (Map: new_world)
[2026-05-15 22:00:51][FINE] Scheduled update for region-file: (0, 0) (Map: new_world)
[2026-05-15 22:00:54][FINE] Scheduled update for region-file: (-2, -2) (Map: new_world)
[2026-05-15 22:00:54][FINE] Scheduled update for region-file: (-4, 0) (Map: new_world)
[2026-05-15 22:00:54][FINE] Scheduled update for region-file: (-4, -2) (Map: new_world)
[2026-05-15 22:00:54][FINE] Scheduled update for region-file: (-4, -1) (Map: new_world)
[2026-05-15 22:00:57][FINE] Scheduled update for region-file: (-1, -1) (Map: new_world)
[2026-05-15 22:01:01][FINE] Scheduled update for region-file: (0, 0) (Map: new_world)
[2026-05-15 22:01:07][FINE] Scheduled update for region-file: (-1, -1) (Map: new_world)
[2026-05-15 22:01:10][FINE] Scheduled update for region-file: (-3, -1) (Map: new_world)
[2026-05-15 22:01:11][FINE] Scheduled update for region-file: (0, 0) (Map: new_world)
[2026-05-15 22:01:12][FINE] Scheduled update for region-file: (-1, -1) (Map: new_world)
[2026-05-15 22:01:21][FINE] Scheduled update for region-file: (0, 0) (Map: new_world)
[2026-05-15 22:01:22][FINE] Scheduled update for region-file: (-4, -2) (Map: new_world)
[2026-05-15 22:01:22][FINE] Scheduled update for region-file: (-4, 0) (Map: new_world)
[2026-05-15 22:01:22][FINE] Scheduled update for region-file: (-4, -1) (Map: new_world)
[2026-05-15 22:01:22][FINE] Scheduled update for region-file: (-2, -2) (Map: new_world)
[2026-05-15 22:01:22][FINE] Scheduled update for region-file: (-4, 1) (Map: new_world)
[2026-05-15 22:01:28][FINE] Scheduled update for region-file: (-4, 1) (Map: new_world)
[2026-05-15 22:01:29][FINE] Scheduled update for region-file: (-1, -1) (Map: new_world)
[2026-05-15 22:01:31][FINE] Scheduled update for region-file: (0, 0) (Map: new_world)
[2026-05-15 22:01:38][FINE] Scheduled update for region-file: (-1, 0) (Map: new_world)
[2026-05-15 22:01:39][FINE] Scheduled update for region-file: (0, 0) (Map: new_world)
[2026-05-15 22:01:40][FINE] Scheduled update for region-file: (-1, -1) (Map: new_world)
[2026-05-15 22:01:41][FINE] Scheduled update for region-file: (-3, -1) (Map: new_world)
[2026-05-15 22:01:49][FINE] Scheduled update for region-file: (0, 0) (Map: new_world)
[2026-05-15 22:01:53][FINE] Scheduled update for region-file: (-1, 0) (Map: new_world)
[2026-05-15 22:01:54][FINE] Scheduled update for region-file: (-1, -1) (Map: new_world)
[2026-05-15 22:01:59][FINE] Scheduled update for region-file: (0, 0) (Map: new_world)
[2026-05-15 22:01:59][FINE] Scheduled update for region-file: (-3, -1) (Map: new_world)
[2026-05-15 22:02:04][FINE] Scheduled update for region-file: (-1, -1) (Map: new_world)
[2026-05-15 22:02:09][FINE] Scheduled update for region-file: (-1, -1) (Map: new_world)
[2026-05-15 22:02:09][FINE] Scheduled update for region-file: (-3, -1) (Map: new_world)
[2026-05-15 22:02:10][FINE] Scheduled update for region-file: (0, 0) (Map: new_world)
[2026-05-15 22:02:21][FINE] Scheduled update for region-file: (0, 0) (Map: new_world)
[2026-05-15 22:02:26][FINE] Scheduled update for region-file: (-1, -1) (Map: new_world)
[2026-05-15 22:02:27][FINE] Scheduled update for region-file: (-3, -1) (Map: new_world)
[2026-05-15 22:02:31][FINE] Scheduled update for region-file: (0, 0) (Map: new_world)
[2026-05-15 22:02:37][FINE] Scheduled update for region-file: (-1, -1) (Map: new_world)
[2026-05-15 22:02:41][FINE] Scheduled update for region-file: (0, 0) (Map: new_world)
[2026-05-15 22:02:51][FINE] Scheduled update for region-file: (-1, -1) (Map: new_world)
[2026-05-15 22:02:51][FINE] Scheduled update for region-file: (0, 0) (Map: new_world)
[2026-05-15 22:03:01][FINE] Scheduled update for region-file: (-1, -1) (Map: new_world)
[2026-05-15 22:03:01][FINE] Scheduled update for region-file: (0, 0) (Map: new_world)
[2026-05-15 22:03:06][FINE] Scheduled update for region-file: (-1, -1) (Map: new_world)
[2026-05-15 22:03:06][FINE] Scheduled update for region-file: (-3, 0) (Map: new_world)
[2026-05-15 22:03:11][FINE] Scheduled update for region-file: (-2, -1) (Map: new_world)
[2026-05-15 22:03:11][FINE] Scheduled update for region-file: (0, 0) (Map: new_world)
[2026-05-15 22:03:15][FINE] Scheduled update for region-file: (-3, 0) (Map: new_world)
[2026-05-15 22:03:16][FINE] Scheduled update for region-file: (-1, -2) (Map: new_world)
[2026-05-15 22:03:20][FINE] Scheduled update for region-file: (-2, -2) (Map: new_world)
[2026-05-15 22:03:20][FINE] Scheduled update for region-file: (-2, 1) (Map: new_world)
[2026-05-15 22:03:21][FINE] Scheduled update for region-file: (0, 0) (Map: new_world)
[2026-05-15 22:03:21][FINE] Scheduled update for region-file: (-4, -2) (Map: new_world)
[2026-05-15 22:03:21][FINE] Scheduled update for region-file: (-4, 1) (Map: new_world)
[2026-05-15 22:03:24][FINE] Scheduled update for region-file: (-2, 0) (Map: new_world)
[2026-05-15 22:03:25][FINE] Scheduled update for region-file: (-3, -2) (Map: new_world)
[2026-05-15 22:03:25][FINE] Scheduled update for region-file: (-3, 1) (Map: new_world)
[2026-05-15 22:03:26][FINE] Scheduled update for region-file: (-1, -1) (Map: new_world)
[2026-05-15 22:03:26][FINE] Scheduled update for region-file: (-1, 0) (Map: new_world)
[2026-05-15 22:03:26][FINE] Scheduled update for region-file: (-1, 1) (Map: new_world)
[2026-05-15 22:03:31][FINE] Scheduled update for region-file: (0, 0) (Map: new_world)
[2026-05-15 22:03:34][FINE] Scheduled update for region-file: (-1, -1) (Map: new_world)
[2026-05-15 22:03:35][FINE] Scheduled update for region-file: (-2, 0) (Map: new_world)
[2026-05-15 22:03:39][FINE] Scheduled update for region-file: (0, 0) (Map: new_world)
[2026-05-15 22:03:44][FINE] Scheduled update for region-file: (-2, 0) (Map: new_world)
[2026-05-15 22:03:47][FINE] Scheduled update for region-file: (-1, 0) (Map: new_world)
[2026-05-15 22:03:47][FINE] Scheduled update for region-file: (-1, 1) (Map: new_world)
[2026-05-15 22:03:48][FINE] Scheduled update for region-file: (-1, -1) (Map: new_world)
[2026-05-15 22:03:54][FINE] Scheduled update for region-file: (-2, 0) (Map: new_world)
[2026-05-15 22:03:57][FINE] Scheduled update for region-file: (-3, -2) (Map: new_world)
[2026-05-15 22:03:57][FINE] Scheduled update for region-file: (-3, 1) (Map: new_world)
[2026-05-15 22:03:58][FINE] Scheduled update for region-file: (-1, -1) (Map: new_world)
[2026-05-15 22:04:02][FINE] Scheduled update for region-file: (-2, -2) (Map: new_world)
[2026-05-15 22:04:03][FINE] Scheduled update for region-file: (-1, -1) (Map: new_world)
[2026-05-15 22:04:03][FINE] Scheduled update for region-file: (-1, 0) (Map: new_world)
[2026-05-15 22:04:06][FINE] Scheduled update for region-file: (-2, 1) (Map: new_world)
[2026-05-15 22:04:06][FINE] Scheduled update for region-file: (0, 1) (Map: new_world)
[2026-05-15 22:04:08][FINE] Scheduled update for region-file: (0, -1) (Map: new_world)
[2026-05-15 22:04:13][FINE] Scheduled update for region-file: (-1, 0) (Map: new_world)
[2026-05-15 22:04:19][FINE] Scheduled update for region-file: (-2, 1) (Map: new_world)
[2026-05-15 22:04:19][FINE] Scheduled update for region-file: (-2, -2) (Map: new_world)
[2026-05-15 22:04:19][FINE] Scheduled update for region-file: (0, 1) (Map: new_world)
[2026-05-15 22:04:19][FINE] Scheduled update for region-file: (0, -1) (Map: new_world)
[2026-05-15 22:04:20][FINE] Scheduled update for region-file: (-1, -1) (Map: new_world)
[2026-05-15 22:04:27][FINE] Scheduled update for region-file: (0, 0) (Map: new_world)
[2026-05-15 22:04:36][FINE] Scheduled update for region-file: (0, -1) (Map: new_world)
[2026-05-15 22:04:37][FINE] Scheduled update for region-file: (0, 0) (Map: new_world)
[2026-05-15 22:04:45][FINE] Scheduled update for region-file: (-1, -1) (Map: new_world)
[2026-05-15 22:04:47][FINE] Scheduled update for region-file: (0, 0) (Map: new_world)
[2026-05-15 22:04:52][FINE] Scheduled update for region-file: (0, -1) (Map: new_world)
[2026-05-15 22:04:55][FINE] Scheduled update for region-file: (-1, -1) (Map: new_world)
[2026-05-15 22:04:57][FINE] Scheduled update for region-file: (-1, 0) (Map: new_world)
[2026-05-15 22:04:57][FINE] Scheduled update for region-file: (0, 0) (Map: new_world)
[2026-05-15 22:05:00][FINE] Scheduled update for region-file: (-1, -1) (Map: new_world)
[2026-05-15 22:05:07][FINE] Scheduled update for region-file: (0, 0) (Map: new_world)
[2026-05-15 22:05:11][FINE] Scheduled update for region-file: (-1, 0) (Map: new_world)
[2026-05-15 22:05:17][FINE] Scheduled update for region-file: (-1, -1) (Map: new_world)
[2026-05-15 22:05:18][FINE] Scheduled update for region-file: (0, 0) (Map: new_world)
[2026-05-15 22:05:21][FINE] Scheduled update for region-file: (-1, 0) (Map: new_world)
[2026-05-15 22:05:28][FINE] Scheduled update for region-file: (0, 0) (Map: new_world)
[2026-05-15 22:05:28][FINE] Scheduled update for region-file: (-1, -1) (Map: new_world)
[2026-05-15 22:05:30][FINE] Scheduled update for region-file: (-1, 0) (Map: new_world)
[2026-05-15 22:05:38][FINE] Scheduled update for region-file: (0, 0) (Map: new_world)
[2026-05-15 22:05:38][FINE] Scheduled update for region-file: (-1, 0) (Map: new_world)
[2026-05-15 22:05:42][FINE] Scheduled update for region-file: (-1, -1) (Map: new_world)
[2026-05-15 22:05:46][FINE] Scheduled update for region-file: (-2, -2) (Map: new_world)
[2026-05-15 22:05:46][FINE] Scheduled update for region-file: (-2, 1) (Map: new_world)
[2026-05-15 22:05:47][FINE] Scheduled update for region-file: (0, 0) (Map: new_world)
[2026-05-15 22:05:47][FINE] Scheduled update for region-file: (0, -1) (Map: new_world)
[2026-05-15 22:05:47][FINE] Scheduled update for region-file: (0, 1) (Map: new_world)
[2026-05-15 22:05:48][FINE] Scheduled update for region-file: (-1, 0) (Map: new_world)
[2026-05-15 22:05:52][FINE] Scheduled update for region-file: (-1, -1) (Map: new_world)
[2026-05-15 22:05:56][FINE] Scheduled update for region-file: (0, 0) (Map: new_world)
[2026-05-15 22:05:57][FINE] Scheduled update for region-file: (-1, -1) (Map: new_world)
[2026-05-15 22:06:07][FINE] Scheduled update for region-file: (0, 0) (Map: new_world)
[2026-05-15 22:06:14][FINE] Scheduled update for region-file: (-1, -1) (Map: new_world)
[2026-05-15 22:06:17][FINE] Scheduled update for region-file: (0, 0) (Map: new_world)
[2026-05-15 22:06:25][FINE] Scheduled update for region-file: (-1, -1) (Map: new_world)
[2026-05-15 22:06:27][FINE] Scheduled update for region-file: (0, 0) (Map: new_world)
[2026-05-15 22:06:37][FINE] Scheduled update for region-file: (0, 0) (Map: new_world)
[2026-05-15 22:06:38][FINE] Scheduled update for region-file: (-1, -1) (Map: new_world)
[2026-05-15 22:06:40][FINE] Scheduled update for region-file: (-1, 0) (Map: new_world)
[2026-05-15 22:06:47][FINE] Scheduled update for region-file: (-1, 0) (Map: new_world)
[2026-05-15 22:06:47][FINE] Scheduled update for region-file: (0, 0) (Map: new_world)
[2026-05-15 22:06:48][FINE] Scheduled update for region-file: (-1, -1) (Map: new_world)
[2026-05-15 22:06:51][FINE] Stopped watching map 'new_world_the_nether' for updates.
[2026-05-15 22:06:51][FINE] Stopped watching map 'new_world' for updates.
[2026-05-15 22:06:51][FINE] Stopped watching map 'new_world_the_end' for updates.
